#
# A fatal error has been detected by the Java Runtime Environment:
#
#  EXCEPTION_ACCESS_VIOLATION (0xc0000005) at pc=0x00007ffe444246d3, pid=9272, tid=15108
#
# JRE version: OpenJDK Runtime Environment (25.0.1+8) (build 25.0.1+8-27)
# Java VM: OpenJDK 64-Bit Server VM (25.0.1+8-27, mixed mode, sharing, tiered, compressed oops, compressed class ptrs, g1 gc, windows-amd64)
# Problematic frame:
# V  [jvm.dll+0xf46d3]
#
# No core dump will be written. Minidumps are not enabled by default on client versions of Windows
#
# If you would like to submit a bug report, please visit:
#   https://bugreport.java.com/bugreport/crash.jsp
#

---------------  S U M M A R Y ------------

Command Line: -javaagent:C:\Program Files\JetBrains\IntelliJ IDEA 2025.3.1\lib\idea_rt.jar=51787 -Dfile.encoding=UTF-8 -Dsun.stdout.encoding=UTF-8 -Dsun.stderr.encoding=UTF-8 com.nft_gestor.nft_gestor.NftGestorApplication

Host: Intel(R) Xeon(R) CPU E5-2690 v3 @ 2.60GHz, 24 cores, 15G,  Windows 10 , 64 bit Build 19041 (10.0.19041.5915)
Time: Mon Aug 10 01:12:05 2026 Hora oficial do Brasil elapsed time: 10.308689 seconds (0d 0h 0m 10s)

---------------  T H R E A D  ---------------

Current thread (0x0000016923a80990):  JavaThread "C2 CompilerThread7" daemon [_thread_in_native, id=15108, stack(0x00000053da700000,0x00000053da800000) (1024K)]


Current CompileTask:
C2:10308 8522 % !   4       org.springframework.beans.factory.support.DefaultListableBeanFactory::doGetBeanNamesForType @ 20 (527 bytes)

Stack: [0x00000053da700000,0x00000053da800000],  sp=0x00000053da7fc4e0,  free space=1009k
Native frames: (J=compiled Java code, j=interpreted, Vv=VM code, C=native code)
V  [jvm.dll+0xf46d3]  (no source info available)
V  [jvm.dll+0x7f8641]  (no source info available)
V  [jvm.dll+0x7f62c8]  (no source info available)
V  [jvm.dll+0x254819]  (no source info available)
V  [jvm.dll+0x2c093c]  (no source info available)
V  [jvm.dll+0x2bfa8f]  (no source info available)
V  [jvm.dll+0x237b60]  (no source info available)
V  [jvm.dll+0x2cfb56]  (no source info available)
V  [jvm.dll+0x2cddd5]  (no source info available)
V  [jvm.dll+0x48e6d1]  (no source info available)
V  [jvm.dll+0x906a0d]  (no source info available)
V  [jvm.dll+0x7a5135]  (no source info available)
C  [ucrtbase.dll+0x21bb2]  (no source info available)
C  [KERNEL32.DLL+0x17374]  (no source info available)
C  [ntdll.dll+0x4cc91]  (no source info available)


siginfo: EXCEPTION_ACCESS_VIOLATION (0xc0000005), reading address 0x0000016923c7bff8


Registers:
RAX=0x0000000000000095, RBX=0x000001692cc0fc58, RCX=0x0000016925650518, RDX=0x0000016923c7c000
RSP=0x00000053da7fc4e0, RBP=0x000000000000000c, RSI=0x00000169276d7690, RDI=0x00000169276d7690
R8 =0x0000016923cc7470, R9 =0x00000169276d77b8, R10=0x00000169274eb780, R11=0x0000000000000013
R12=0x000001692cc0fc58, R13=0x00000169239830c0, R14=0x000000000000000b, R15=0x0000016927726848
RIP=0x00007ffe444246d3, EFLAGS=0x0000000000010283

XMM[0]=0x0000000000000000 0x3f91017ea810810a
XMM[1]=0x0000016923983f68 0x0000016925652e30
XMM[2]=0x0000016923985570 0x0000016923984e80
XMM[3]=0x0000000000000000 0x0000000000000000
XMM[4]=0x0000000000000000 0x0000000000000000
XMM[5]=0x00000169276d7ce0 0x00000169276d7da8
XMM[6]=0x000001692c022af0 0x00000a9600000000
XMM[7]=0x0000000000000000 0x00000053da7fca50
XMM[8]=0x0000000000000000 0x4087700000000000
XMM[9]=0x0000000000000000 0x0000000000000000
XMM[10]=0x0000000000000000 0x0000000000000000
XMM[11]=0x0000000000000000 0x0000000000000000
XMM[12]=0x0000000000000000 0x0000000000000000
XMM[13]=0x0000000000000000 0x0000000000000000
XMM[14]=0x0000000000000000 0x0000000000000000
XMM[15]=0x0000000000000000 0x0000000000000000
  MXCSR=0x00001fa0


Register to memory mapping:

RAX=0x0000000000000095 is an unknown value
RBX=0x000001692cc0fc58 points into unknown readable memory: 0x00007ffe44de8a00 | 00 8a de 44 fe 7f 00 00
RCX=0x0000016925650518 points into unknown readable memory: 0x00007ffe44dce9b8 | b8 e9 dc 44 fe 7f 00 00
RDX=0x0000016923c7c000 points into unknown readable memory: 0x0000000000000000 | 00 00 00 00 00 00 00 00
RSP=0x00000053da7fc4e0 is pointing into the stack for thread: 0x0000016923a80990
RBP=0x000000000000000c is an unknown value
RSI=0x00000169276d7690 points into unknown readable memory: 0x00007ffe44d80e10 | 10 0e d8 44 fe 7f 00 00
RDI=0x00000169276d7690 points into unknown readable memory: 0x00007ffe44d80e10 | 10 0e d8 44 fe 7f 00 00
R8 =0x0000016923cc7470 points into unknown readable memory: 0x000001692564f5c8 | c8 f5 64 25 69 01 00 00
R9 =0x00000169276d77b8 points into unknown readable memory: 0x0000016925650518 | 18 05 65 25 69 01 00 00
R10=0x00000169274eb780 points into unknown readable memory: 0x00000169277267d8 | d8 67 72 27 69 01 00 00
R11=0x0000000000000013 is an unknown value
R12=0x000001692cc0fc58 points into unknown readable memory: 0x00007ffe44de8a00 | 00 8a de 44 fe 7f 00 00
R13=0x00000169239830c0 points into unknown readable memory: 0x00007ffe44dce9b8 | b8 e9 dc 44 fe 7f 00 00
R14=0x000000000000000b is an unknown value
R15=0x0000016927726848 points into unknown readable memory: 0x00007ffe44dd3778 | 78 37 dd 44 fe 7f 00 00

Top of Stack: (sp=0x00000053da7fc4e0)
0x00000053da7fc4e0:   00000053da7fcd30 00000169276d7690   0...S....vm'i...
0x00000053da7fc4f0:   0000016927726848 000000000000000b   Hhr'i...........
0x00000053da7fc500:   00000053da7fc630 00007ffe44b28641   0...S...A..D....
0x00000053da7fc510:   0000000000000000 000000000000000c   ................
0x00000053da7fc520:   00000169276d7690 00000053da7fc630   .vm'i...0...S...
0x00000053da7fc530:   000001690000133a 00000053da7fc630   :...i...0...S...
0x00000053da7fc540:   0000000000000000 000000000000000b   ................
0x00000053da7fc550:   0000016924e2eeb0 00000169276d7690   ...$i....vm'i...
0x00000053da7fc560:   00000169239830c0 0000000000000004   .0.#i...........
0x00000053da7fc570:   00000053da7fcd30 00007ffe44b262c8   0...S....b.D....
0x00000053da7fc580:   00000053da7fcd30 000001690000000b   0...S.......i...
0x00000053da7fc590:   00000053da7fc680 00000053da7fc680   ....S.......S...
0x00000053da7fc5a0:   00000169276d7690 000001690000000b   .vm'i.......i...
0x00000053da7fc5b0:   000001690000133a 00000053da7fc600   :...i.......S...
0x00000053da7fc5c0:   0000016900000000 00000053da7fc630   ....i...0...S...
0x00000053da7fc5d0:   0000000000000004 00007ffe44787df4   .........}xD....
0x00000053da7fc5e0:   0000002d0000002b 0000000000000a96   +...-...........
0x00000053da7fc5f0:   0000016927726848 0000000b00000004   Hhr'i...........
0x00000053da7fc600:   000001692c020098 000000000000009f   ...,i...........
0x00000053da7fc610:   0000005300000007 0000016927a7ed60   ....S...`..'i...
0x00000053da7fc620:   000001692d400be8 000001692c5ae160   ..@-i...`.Z,i...
0x00000053da7fc630:   00000a9600000000 000001692c022af0   .........*.,i...
0x00000053da7fc640:   00000053da7fca50 000001692d470600   P...S.....G-i...
0x00000053da7fc650:   00000169276d7690 0000016925063f18   .vm'i....?.%i...
0x00000053da7fc660:   00000000000002fa 000001692c5ae658   ........X.Z,i...
0x00000053da7fc670:   0000016925068b68 00000a960000009f   h..%i...........
0x00000053da7fc680:   000001692c020098 00000053da7fca50   ...,i...P...S...
0x00000053da7fc690:   0000016925066540 000001692c025548   @e.%i...HU.,i...
0x00000053da7fc6a0:   00000a9600000000 000001692c022af0   .........*.,i...
0x00000053da7fc6b0:   00000053da7fca50 ffffffff00000000   P...S...........
0x00000053da7fc6c0:   000000000000009f 000000000000002c   ........,.......
0x00000053da7fc6d0:   0000016925069060 0000000000000000   `..%i...........

Instructions: (pc=0x00007ffe444246d3)
  0x00007ffe444245d3:   8b 0c c1 8b c3 4d 0f 44 c2 83 79 10 03 48 0f 44
  0x00007ffe444245e3:   c1 4d 85 c0 74 32 41 8b 50 20 41 3b 50 24 75 28
  0x00007ffe444245f3:   48 85 c0 74 23 8b 48 20 3b 48 24 75 1b 41 23 c9
  0x00007ffe44424603:   41 8b c1 2b c1 41 23 d1 ff c0 3b d0 75 0a 49 8b
  0x00007ffe44424613:   ce e8 c7 9f 6d 00 eb 67 48 8b 06 48 8b ce ff 10
  0x00007ffe44424623:   3d 61 01 00 00 75 56 48 8b 46 08 48 39 78 10 75
  0x00007ffe44424633:   4c 48 8b 48 08 8b 41 30 c1 e8 04 a8 01 74 3e 8b
  0x00007ffe44424643:   51 28 49 8b 46 28 48 8b 48 10 48 8b 04 d1 48 8b
  0x00007ffe44424653:   cb 83 78 10 03 48 0f 44 c8 48 85 c9 74 1f 8b 51
  0x00007ffe44424663:   20 3b 51 24 75 17 85 d2 74 0e 8d 4d 01 3b d1 48
  0x00007ffe44424673:   0f 44 df 48 8b c3 eb 07 48 8b c7 eb 02 33 c0 48
  0x00007ffe44424683:   8b 5c 24 30 48 8b 6c 24 38 48 8b 74 24 40 48 8b
  0x00007ffe44424693:   7c 24 48 48 83 c4 20 41 5e c3 cc cc cc 48 89 5c
  0x00007ffe444246a3:   24 08 57 48 83 ec 20 48 8b 41 08 48 8b f9 8b d2
  0x00007ffe444246b3:   49 8b d8 48 8b 0c d0 4c 8d 0c d0 48 85 c9 74 26
  0x00007ffe444246c3:   4c 8b 41 10 4d 85 c0 74 1d 8b 41 20 49 8d 14 c0
=>0x00007ffe444246d3:   48 39 7a f8 48 8d 52 f8 75 f6 ff c8 89 41 20 49
  0x00007ffe444246e3:   8b 0c c0 48 89 0a 49 89 19 48 85 db 74 25 48 83
  0x00007ffe444246f3:   7b 10 00 74 1e 8b 53 20 3b 53 24 75 08 48 8b cb
  0x00007ffe44424703:   e8 d8 ba 68 00 8b 4b 20 48 8b 43 10 48 89 3c c8
  0x00007ffe44424713:   ff 43 20 8b 0d e0 30 cb 00 65 48 8b 04 25 58 00
  0x00007ffe44424723:   00 00 ba 48 00 00 00 48 8b 04 c8 80 3c 02 00 75
  0x00007ffe44424733:   05 e8 ef 35 8f 00 48 8b 5c 24 30 48 83 c4 20 5f
  0x00007ffe44424743:   c3 cc cc cc cc cc cc cc cc cc cc cc cc 48 8b 41
  0x00007ffe44424753:   08 45 33 c9 4c 8b da 4c 8b 50 08 8b 41 2c 25 ff
  0x00007ffe44424763:   03 00 00 3d 00 02 00 00 75 3a 4d 63 c0 41 8b d1
  0x00007ffe44424773:   48 8b 41 08 4c 39 50 08 75 3a 48 8b 40 18 41 ff
  0x00007ffe44424783:   c1 49 89 04 d3 48 ff c2 49 3b d0 74 27 48 8b 41
  0x00007ffe44424793:   08 48 8b 48 10 8b 41 2c 25 ff 03 00 00 3d 00 02
  0x00007ffe444247a3:   00 00 74 cc b8 ff ff ff ff 49 3b ca 44 0f 45 c8
  0x00007ffe444247b3:   41 8b c1 c3 b8 ff ff ff ff c3 cc cc cc 48 89 4c
  0x00007ffe444247c3:   24 08 48 89 54 24 10 4c 89 44 24 18 4c 89 4c 24


Stack slot to memory mapping:

stack at sp + 0 slots: 0x00000053da7fcd30 is pointing into the stack for thread: 0x0000016923a80990
stack at sp + 1 slots: 0x00000169276d7690 points into unknown readable memory: 0x00007ffe44d80e10 | 10 0e d8 44 fe 7f 00 00
stack at sp + 2 slots: 0x0000016927726848 points into unknown readable memory: 0x00007ffe44dd3778 | 78 37 dd 44 fe 7f 00 00
stack at sp + 3 slots: 0x000000000000000b is an unknown value
stack at sp + 4 slots: 0x00000053da7fc630 is pointing into the stack for thread: 0x0000016923a80990
stack at sp + 5 slots: 0x00007ffe44b28641 jvm.dll
stack at sp + 6 slots: 0x0 is null
stack at sp + 7 slots: 0x000000000000000c is an unknown value

Lock stack of current Java thread (top to bottom):


---------------  P R O C E S S  ---------------

Threads class SMR info:
_java_thread_list=0x0000016924ef94b0, length=30, elements={
0x000001697cc1f6f0, 0x000001697f7f90f0, 0x000001697f7f98b0, 0x000001697f7fe8b0,
0x000001697f7ff6f0, 0x000001697f8002b0, 0x000001697f800e70, 0x000001697f803d70,
0x000001697f81b190, 0x000001691d9d7540, 0x000001691d9dfd50, 0x000001691db22040,
0x0000016922217b80, 0x000001692221d8a0, 0x0000016922941cf0, 0x000001697f8074b0,
0x000001697f804da0, 0x0000016923c9ab60, 0x00000169252fd690, 0x00000169252fa7b0,
0x00000169252faf80, 0x00000169252fde60, 0x0000016925300570, 0x0000016923a7f970,
0x0000016923a811a0, 0x0000016923a7b8f0, 0x0000016923a7d120, 0x0000016923a84200,
0x0000016923a7d930, 0x0000016923a80990
}

Java Threads: ( => current thread )
  0x000001697cc1f6f0 JavaThread "main"                              [_thread_blocked, id=14920, stack(0x00000053d6d00000,0x00000053d6e00000) (1024K)]
  0x000001697f7f90f0 JavaThread "Reference Handler"          daemon [_thread_blocked, id=13308, stack(0x00000053d7500000,0x00000053d7600000) (1024K)]
  0x000001697f7f98b0 JavaThread "Finalizer"                  daemon [_thread_blocked, id=4996, stack(0x00000053d7600000,0x00000053d7700000) (1024K)]
  0x000001697f7fe8b0 JavaThread "Signal Dispatcher"          daemon [_thread_blocked, id=17128, stack(0x00000053d7700000,0x00000053d7800000) (1024K)]
  0x000001697f7ff6f0 JavaThread "Attach Listener"            daemon [_thread_blocked, id=2424, stack(0x00000053d7800000,0x00000053d7900000) (1024K)]
  0x000001697f8002b0 JavaThread "Service Thread"             daemon [_thread_blocked, id=13068, stack(0x00000053d7900000,0x00000053d7a00000) (1024K)]
  0x000001697f800e70 JavaThread "Monitor Deflation Thread"   daemon [_thread_blocked, id=11804, stack(0x00000053d7a00000,0x00000053d7b00000) (1024K)]
  0x000001697f803d70 JavaThread "C2 CompilerThread0"         daemon [_thread_blocked, id=12336, stack(0x00000053d7b00000,0x00000053d7c00000) (1024K)]
  0x000001697f81b190 JavaThread "C1 CompilerThread0"         daemon [_thread_blocked, id=5284, stack(0x00000053d7c00000,0x00000053d7d00000) (1024K)]
  0x000001691d9d7540 JavaThread "C1 CompilerThread1"         daemon [_thread_blocked, id=8864, stack(0x00000053d7d00000,0x00000053d7e00000) (1024K)]
  0x000001691d9dfd50 JavaThread "C1 CompilerThread2"         daemon [_thread_blocked, id=15816, stack(0x00000053d7e00000,0x00000053d7f00000) (1024K)]
  0x000001691db22040 JavaThread "Common-Cleaner"             daemon [_thread_blocked, id=11524, stack(0x00000053d8100000,0x00000053d8200000) (1024K)]
  0x0000016922217b80 JavaThread "Monitor Ctrl-Break"         daemon [_thread_in_native, id=12776, stack(0x00000053d8200000,0x00000053d8300000) (1024K)]
  0x000001692221d8a0 JavaThread "Notification Thread"        daemon [_thread_blocked, id=13936, stack(0x00000053d8300000,0x00000053d8400000) (1024K)]
  0x0000016922941cf0 JavaThread "C1 CompilerThread3"         daemon [_thread_blocked, id=8044, stack(0x00000053d8400000,0x00000053d8500000) (1024K)]
  0x000001697f8074b0 JavaThread "Thread-0"                          [_thread_blocked, id=11516, stack(0x00000053d8500000,0x00000053d8600000) (1024K)]
  0x000001697f804da0 JavaThread "restartedMain"                     [_thread_in_vm, id=17236, stack(0x00000053d8600000,0x00000053d8700000) (1024K)]
  0x0000016923c9ab60 JavaThread "Catalina-utility-1"                [_thread_blocked, id=10648, stack(0x00000053d9f00000,0x00000053da000000) (1024K)]
  0x00000169252fd690 JavaThread "Catalina-utility-2"                [_thread_blocked, id=7356, stack(0x00000053da000000,0x00000053da100000) (1024K)]
  0x00000169252fa7b0 JavaThread "container-0"                       [_thread_blocked, id=1244, stack(0x00000053da100000,0x00000053da200000) (1024K)]
  0x00000169252faf80 JavaThread "mysql-cj-abandoned-connection-cleanup" daemon [_thread_blocked, id=4272, stack(0x00000053da200000,0x00000053da300000) (1024K)]
  0x00000169252fde60 JavaThread "HikariPool-1:housekeeper"   daemon [_thread_blocked, id=16800, stack(0x00000053d7f00000,0x00000053d8000000) (1024K)]
  0x0000016925300570 JavaThread "HikariPool-1:connection-adder" daemon [_thread_in_native, id=3196, stack(0x00000053d8f00000,0x00000053d9000000) (1024K)]
  0x0000016923a7f970 JavaThread "C2 CompilerThread1"         daemon [_thread_in_native, id=10420, stack(0x00000053d9d00000,0x00000053d9e00000) (1024K)]
  0x0000016923a811a0 JavaThread "C2 CompilerThread2"         daemon [_thread_in_native, id=8624, stack(0x00000053d9e00000,0x00000053d9f00000) (1024K)]
  0x0000016923a7b8f0 JavaThread "C2 CompilerThread3"         daemon [_thread_blocked, id=9120, stack(0x00000053da300000,0x00000053da400000) (1024K)]
  0x0000016923a7d120 JavaThread "C2 CompilerThread4"         daemon [_thread_blocked, id=14840, stack(0x00000053da400000,0x00000053da500000) (1024K)]
  0x0000016923a84200 JavaThread "C2 CompilerThread5"         daemon [_thread_blocked, id=2184, stack(0x00000053da500000,0x00000053da600000) (1024K)]
  0x0000016923a7d930 JavaThread "C2 CompilerThread6"         daemon [_thread_blocked, id=6604, stack(0x00000053da600000,0x00000053da700000) (1024K)]
=>0x0000016923a80990 JavaThread "C2 CompilerThread7"         daemon [_thread_in_native, id=15108, stack(0x00000053da700000,0x00000053da800000) (1024K)]
Total: 30

Other Threads:
  0x000001697f7e9770 VMThread "VM Thread"                           [id=16884, stack(0x00000053d7400000,0x00000053d7500000) (1024K)]
  0x000001697f7db6d0 WatcherThread "VM Periodic Task Thread"        [id=17256, stack(0x00000053d7300000,0x00000053d7400000) (1024K)]
  0x000001697cc8df80 WorkerThread "GC Thread#0"                     [id=8248, stack(0x00000053d6e00000,0x00000053d6f00000) (1024K)]
  0x0000016922c5dcd0 WorkerThread "GC Thread#1"                     [id=6336, stack(0x00000053d8700000,0x00000053d8800000) (1024K)]
  0x0000016922d2b890 WorkerThread "GC Thread#2"                     [id=8352, stack(0x00000053d8800000,0x00000053d8900000) (1024K)]
  0x0000016922a8ff50 WorkerThread "GC Thread#3"                     [id=12404, stack(0x00000053d8900000,0x00000053d8a00000) (1024K)]
  0x0000016922a907f0 WorkerThread "GC Thread#4"                     [id=9136, stack(0x00000053d8a00000,0x00000053d8b00000) (1024K)]
  0x0000016922a8ee10 WorkerThread "GC Thread#5"                     [id=10516, stack(0x00000053d8b00000,0x00000053d8c00000) (1024K)]
  0x0000016922a903a0 WorkerThread "GC Thread#6"                     [id=10608, stack(0x00000053d8c00000,0x00000053d8d00000) (1024K)]
  0x0000016922a8fb00 WorkerThread "GC Thread#7"                     [id=7040, stack(0x00000053d8d00000,0x00000053d8e00000) (1024K)]
  0x0000016923084f50 WorkerThread "GC Thread#8"                     [id=2188, stack(0x00000053d8000000,0x00000053d8100000) (1024K)]
  0x0000016923086930 WorkerThread "GC Thread#9"                     [id=9724, stack(0x00000053d9000000,0x00000053d9100000) (1024K)]
  0x0000016923086090 WorkerThread "GC Thread#10"                    [id=12424, stack(0x00000053d9100000,0x00000053d9200000) (1024K)]
  0x00000169230864e0 WorkerThread "GC Thread#11"                    [id=1408, stack(0x00000053d9200000,0x00000053d9300000) (1024K)]
  0x00000169230853a0 WorkerThread "GC Thread#12"                    [id=8648, stack(0x00000053d9300000,0x00000053d9400000) (1024K)]
  0x00000169239e5c00 WorkerThread "GC Thread#13"                    [id=8372, stack(0x00000053d9800000,0x00000053d9900000) (1024K)]
  0x00000169239e4670 WorkerThread "GC Thread#14"                    [id=12432, stack(0x00000053d9900000,0x00000053d9a00000) (1024K)]
  0x00000169239e9410 WorkerThread "GC Thread#15"                    [id=7820, stack(0x00000053d9a00000,0x00000053d9b00000) (1024K)]
  0x00000169239e3530 WorkerThread "GC Thread#16"                    [id=7252, stack(0x00000053d9b00000,0x00000053d9c00000) (1024K)]
  0x00000169239e4ac0 WorkerThread "GC Thread#17"                    [id=1344, stack(0x00000053d9c00000,0x00000053d9d00000) (1024K)]
  0x000001697cca6cb0 ConcurrentGCThread "G1 Main Marker"            [id=10136, stack(0x00000053d6f00000,0x00000053d7000000) (1024K)]
  0x000001697cca79d0 WorkerThread "G1 Conc#0"                       [id=5872, stack(0x00000053d7000000,0x00000053d7100000) (1024K)]
  0x00000169230857f0 WorkerThread "G1 Conc#1"                       [id=12984, stack(0x00000053d9400000,0x00000053d9500000) (1024K)]
  0x000001692361cbb0 WorkerThread "G1 Conc#2"                       [id=14688, stack(0x00000053d9500000,0x00000053d9600000) (1024K)]
  0x000001692361d000 WorkerThread "G1 Conc#3"                       [id=14028, stack(0x00000053d9600000,0x00000053d9700000) (1024K)]
  0x0000016923616430 WorkerThread "G1 Conc#4"                       [id=1772, stack(0x00000053d9700000,0x00000053d9800000) (1024K)]
  0x000001697f6a7270 ConcurrentGCThread "G1 Refine#0"               [id=15076, stack(0x00000053d7100000,0x00000053d7200000) (1024K)]
  0x000001697f6a7e80 ConcurrentGCThread "G1 Service"                [id=15104, stack(0x00000053d7200000,0x00000053d7300000) (1024K)]
Total: 28

Threads with active compile tasks:
C2 CompilerThread1  10491 8732       4       org.springframework.core.annotation.TypeMappedAnnotations::scan (66 bytes)
C2 CompilerThread2  10491 8787   !   4       org.springframework.core.annotation.AnnotationsScanner::processClassHierarchy (234 bytes)
C2 CompilerThread7  10491 8522 % !   4       org.springframework.beans.factory.support.DefaultListableBeanFactory::doGetBeanNamesForType @ 20 (527 bytes)
Total: 3

VM state: not at safepoint (normal execution)

VM Mutex/Monitor currently owned by a thread: None

Heap address: 0x0000000702600000, size: 4058 MB, Compressed Oops mode: Zero based, Oop shift amount: 3

CDS archive(s) mapped at: [0x000000000e000000-0x000000000edd0000-0x000000000edd0000), size 14483456, SharedBaseAddress: 0x000000000e000000, ArchiveRelocationMode: 1.
Compressed class space mapped at: 0x000000000f000000-0x000000004f000000, reserved size: 1073741824
UseCompressedClassPointers 1, UseCompactObjectHeaders 0
Narrow klass pointer bits 32, Max shift 3
Narrow klass base: 0x000000000e000000, Narrow klass shift: 0
Encoding Range: [0x000000000e000000 - 0x000000010e000000), (4294967296 bytes)
Klass Range:    [0x000000000e010000 - 0x000000004f000000), (1090453504 bytes)
Klass ID Range:  [65536 - 1090519033) (1090453497)
Protection zone: [0x000000000e000000 - 0x000000000e010000), (65536 bytes)

GC Precious Log:
 CardTable entry size: 512
 Card Set container configuration: InlinePtr #cards 4 size 8 Array Of Cards #cards 16 size 48 Howl #buckets 8 coarsen threshold 3686 Howl Bitmap #cards 512 size 80 coarsen threshold 460 Card regions per heap region 1 cards per card region 4096
 CPUs: 24 total, 24 available
 Memory: 16224M
 Large Page Support: Disabled
 NUMA Support: Disabled
 Compressed Oops: Enabled (Zero based)
 Heap Region Size: 2M
 Heap Min Capacity: 8M
 Heap Initial Capacity: 254M
 Heap Max Capacity: 4058M
 Pre-touch: Disabled
 Parallel Workers: 18
 Concurrent Workers: 5
 Concurrent Refinement Workers: 18
 Periodic GC: Disabled

Heap:
 garbage-first heap   total reserved 4155392K, committed 108544K, used 82513K [0x0000000702600000, 0x0000000800000000)
  region size 2048K, 24 young (49152K), 1 survivors (2048K)

Heap Regions: E=young(eden), S=young(survivor), O=old, HS=humongous(starts), HC=humongous(continues), CS=collection set, F=free, TAMS=top-at-mark-start, PB=parsable bottom
|   0|0x0000000702600000, 0x0000000702800000, 0x0000000702800000|100%| O|  |TAMS 0x0000000702600000| PB 0x0000000702600000| Untracked |  0
|   1|0x0000000702800000, 0x0000000702a00000, 0x0000000702a00000|100%| O|  |TAMS 0x0000000702800000| PB 0x0000000702800000| Untracked |  0
|   2|0x0000000702a00000, 0x0000000702c00000, 0x0000000702c00000|100%| O|  |TAMS 0x0000000702a00000| PB 0x0000000702a00000| Untracked |  0
|   3|0x0000000702c00000, 0x0000000702e00000, 0x0000000702e00000|100%| O|  |TAMS 0x0000000702c00000| PB 0x0000000702c00000| Untracked |  0
|   4|0x0000000702e00000, 0x0000000703000000, 0x0000000703000000|100%| O|  |TAMS 0x0000000702e00000| PB 0x0000000702e00000| Untracked |  0
|   5|0x0000000703000000, 0x0000000703200000, 0x0000000703200000|100%| O|  |TAMS 0x0000000703000000| PB 0x0000000703000000| Untracked |  0
|   6|0x0000000703200000, 0x0000000703400000, 0x0000000703400000|100%| O|  |TAMS 0x0000000703200000| PB 0x0000000703200000| Untracked |  0
|   7|0x0000000703400000, 0x0000000703600000, 0x0000000703600000|100%| O|  |TAMS 0x0000000703400000| PB 0x0000000703400000| Untracked |  0
|   8|0x0000000703600000, 0x0000000703800000, 0x0000000703800000|100%| O|  |TAMS 0x0000000703600000| PB 0x0000000703600000| Untracked |  0
|   9|0x0000000703800000, 0x0000000703a00000, 0x0000000703a00000|100%| O|  |TAMS 0x0000000703800000| PB 0x0000000703800000| Untracked |  0
|  10|0x0000000703a00000, 0x0000000703c00000, 0x0000000703c00000|100%| O|  |TAMS 0x0000000703a00000| PB 0x0000000703a00000| Untracked |  0
|  11|0x0000000703c00000, 0x0000000703e00000, 0x0000000703e00000|100%| O|  |TAMS 0x0000000703c00000| PB 0x0000000703c00000| Untracked |  0
|  12|0x0000000703e00000, 0x0000000704000000, 0x0000000704000000|100%| O|  |TAMS 0x0000000703e00000| PB 0x0000000703e00000| Untracked |  0
|  13|0x0000000704000000, 0x0000000704000000, 0x0000000704200000|  0%| F|  |TAMS 0x0000000704000000| PB 0x0000000704000000| Untracked |  0
|  14|0x0000000704200000, 0x0000000704400000, 0x0000000704400000|100%| O|  |TAMS 0x0000000704200000| PB 0x0000000704200000| Untracked |  0
|  15|0x0000000704400000, 0x00000007044d6f10, 0x0000000704600000| 41%| O|  |TAMS 0x0000000704400000| PB 0x0000000704400000| Untracked |  0
|  16|0x0000000704600000, 0x0000000704600000, 0x0000000704800000|  0%| F|  |TAMS 0x0000000704600000| PB 0x0000000704600000| Untracked |  0
|  17|0x0000000704800000, 0x0000000704800000, 0x0000000704a00000|  0%| F|  |TAMS 0x0000000704800000| PB 0x0000000704800000| Untracked |  0
|  18|0x0000000704a00000, 0x0000000704a00000, 0x0000000704c00000|  0%| F|  |TAMS 0x0000000704a00000| PB 0x0000000704a00000| Untracked |  0
|  19|0x0000000704c00000, 0x0000000704c00000, 0x0000000704e00000|  0%| F|  |TAMS 0x0000000704c00000| PB 0x0000000704c00000| Untracked |  0
|  20|0x0000000704e00000, 0x0000000704e00000, 0x0000000705000000|  0%| F|  |TAMS 0x0000000704e00000| PB 0x0000000704e00000| Untracked |  0
|  21|0x0000000705000000, 0x0000000705000000, 0x0000000705200000|  0%| F|  |TAMS 0x0000000705000000| PB 0x0000000705000000| Untracked |  0
|  22|0x0000000705200000, 0x00000007053bd8d8, 0x0000000705400000| 87%| S|CS|TAMS 0x0000000705200000| PB 0x0000000705200000| Complete |  0
|  23|0x0000000705400000, 0x0000000705400000, 0x0000000705600000|  0%| F|  |TAMS 0x0000000705400000| PB 0x0000000705400000| Untracked |  0
|  24|0x0000000705600000, 0x0000000705600000, 0x0000000705800000|  0%| F|  |TAMS 0x0000000705600000| PB 0x0000000705600000| Untracked |  0
|  25|0x0000000705800000, 0x0000000705800000, 0x0000000705a00000|  0%| F|  |TAMS 0x0000000705800000| PB 0x0000000705800000| Untracked |  0
|  26|0x0000000705a00000, 0x0000000705a00000, 0x0000000705c00000|  0%| F|  |TAMS 0x0000000705a00000| PB 0x0000000705a00000| Untracked |  0
|  27|0x0000000705c00000, 0x0000000705d00000, 0x0000000705e00000| 50%| E|  |TAMS 0x0000000705c00000| PB 0x0000000705c00000| Complete |  0
|  28|0x0000000705e00000, 0x0000000706000000, 0x0000000706000000|100%| E|CS|TAMS 0x0000000705e00000| PB 0x0000000705e00000| Complete |  0
|  29|0x0000000706000000, 0x0000000706200000, 0x0000000706200000|100%| E|CS|TAMS 0x0000000706000000| PB 0x0000000706000000| Complete |  0
|  30|0x0000000706200000, 0x0000000706400000, 0x0000000706400000|100%| E|CS|TAMS 0x0000000706200000| PB 0x0000000706200000| Complete |  0
|  31|0x0000000706400000, 0x0000000706600000, 0x0000000706600000|100%| E|CS|TAMS 0x0000000706400000| PB 0x0000000706400000| Complete |  0
|  32|0x0000000706600000, 0x0000000706800000, 0x0000000706800000|100%| E|CS|TAMS 0x0000000706600000| PB 0x0000000706600000| Complete |  0
|  33|0x0000000706800000, 0x0000000706a00000, 0x0000000706a00000|100%| E|CS|TAMS 0x0000000706800000| PB 0x0000000706800000| Complete |  0
|  34|0x0000000706a00000, 0x0000000706c00000, 0x0000000706c00000|100%| E|CS|TAMS 0x0000000706a00000| PB 0x0000000706a00000| Complete |  0
|  35|0x0000000706c00000, 0x0000000706e00000, 0x0000000706e00000|100%| E|CS|TAMS 0x0000000706c00000| PB 0x0000000706c00000| Complete |  0
|  36|0x0000000706e00000, 0x0000000707000000, 0x0000000707000000|100%| E|CS|TAMS 0x0000000706e00000| PB 0x0000000706e00000| Complete |  0
|  37|0x0000000707000000, 0x0000000707200000, 0x0000000707200000|100%| E|CS|TAMS 0x0000000707000000| PB 0x0000000707000000| Complete |  0
|  38|0x0000000707200000, 0x0000000707400000, 0x0000000707400000|100%| E|CS|TAMS 0x0000000707200000| PB 0x0000000707200000| Complete |  0
|  39|0x0000000707400000, 0x0000000707600000, 0x0000000707600000|100%| E|CS|TAMS 0x0000000707400000| PB 0x0000000707400000| Complete |  0
|  88|0x000000070d600000, 0x000000070d800000, 0x000000070d800000|100%| E|CS|TAMS 0x000000070d600000| PB 0x000000070d600000| Complete |  0
|  89|0x000000070d800000, 0x000000070da00000, 0x000000070da00000|100%| E|CS|TAMS 0x000000070d800000| PB 0x000000070d800000| Complete |  0
|  90|0x000000070da00000, 0x000000070dc00000, 0x000000070dc00000|100%| E|CS|TAMS 0x000000070da00000| PB 0x000000070da00000| Complete |  0
|  91|0x000000070dc00000, 0x000000070de00000, 0x000000070de00000|100%| E|CS|TAMS 0x000000070dc00000| PB 0x000000070dc00000| Complete |  0
|  92|0x000000070de00000, 0x000000070e000000, 0x000000070e000000|100%| E|CS|TAMS 0x000000070de00000| PB 0x000000070de00000| Complete |  0
|  93|0x000000070e000000, 0x000000070e200000, 0x000000070e200000|100%| E|CS|TAMS 0x000000070e000000| PB 0x000000070e000000| Complete |  0
|  94|0x000000070e200000, 0x000000070e400000, 0x000000070e400000|100%| E|CS|TAMS 0x000000070e200000| PB 0x000000070e200000| Complete |  0
| 126|0x0000000712200000, 0x0000000712400000, 0x0000000712400000|100%| E|CS|TAMS 0x0000000712200000| PB 0x0000000712200000| Complete |  0
|2024|0x00000007ff600000, 0x00000007ff800000, 0x00000007ff800000|100%| O|  |TAMS 0x00000007ff600000| PB 0x00000007ff600000| Untracked |  0
|2025|0x00000007ff800000, 0x00000007ffa00000, 0x00000007ffa00000|100%| O|  |TAMS 0x00000007ff800000| PB 0x00000007ff800000| Untracked |  0
|2026|0x00000007ffa00000, 0x00000007ffc00000, 0x00000007ffc00000|100%| O|  |TAMS 0x00000007ffa00000| PB 0x00000007ffa00000| Untracked |  0
|2027|0x00000007ffc00000, 0x00000007ffe00000, 0x00000007ffe00000|100%| E|CS|TAMS 0x00000007ffc00000| PB 0x00000007ffc00000| Complete |  0
|2028|0x00000007ffe00000, 0x0000000800000000, 0x0000000800000000|100%| E|CS|TAMS 0x00000007ffe00000| PB 0x00000007ffe00000| Complete |  0

Card table byte_map: [0x000001697e3c0000,0x000001697ebb0000] _byte_map_base: 0x000001697abad000

Marking Bits: (CMBitMap*) 0x000001697cc8e710
 Bits: [0x00000169177c0000, 0x000001691b728000)

Polling page: 0x000001697a9d0000

Metaspace:
Metaspace        used 79733K, committed 80320K, reserved 1179648K
 class space     used 8984K, committed 9280K, reserved 1048576K

Usage:
  Non-class:     69.09 MB used.
      Class:      8.77 MB used.
       Both:     77.87 MB used.

Virtual space:
  Non-class space:      128.00 MB reserved,      69.38 MB ( 54%) committed,  2 nodes.
      Class space:        1.00 GB reserved,       9.06 MB ( <1%) committed,  1 nodes.
             Both:        1.12 GB reserved,      78.44 MB (  7%) committed. 

Chunk freelists:
   Non-Class:  10.00 MB
       Class:  6.80 MB
        Both:  16.80 MB

MaxMetaspaceSize: unlimited
CompressedClassSpaceSize: 1.00 GB
Initial GC threshold: 21.00 MB
Current GC threshold: 99.31 MB
CDS: on
 - commit_granule_bytes: 65536.
 - commit_granule_words: 8192.
 - virtual_space_node_default_size: 8388608.
 - enlarge_chunks_in_place: 1.
UseCompressedClassPointers 1, UseCompactObjectHeaders 0
Narrow klass pointer bits 32, Max shift 3
Narrow klass base: 0x000000000e000000, Narrow klass shift: 0
Encoding Range: [0x000000000e000000 - 0x000000010e000000), (4294967296 bytes)
Klass Range:    [0x000000000e010000 - 0x000000004f000000), (1090453504 bytes)
Klass ID Range:  [65536 - 1090519033) (1090453497)
Protection zone: [0x000000000e000000 - 0x000000000e010000), (65536 bytes)


Internal statistics:

num_allocs_failed_limit: 12.
num_arena_births: 642.
num_arena_deaths: 0.
num_vsnodes_births: 3.
num_vsnodes_deaths: 0.
num_space_committed: 1255.
num_space_uncommitted: 0.
num_chunks_returned_to_freelist: 12.
num_chunks_taken_from_freelist: 3353.
num_chunk_merges: 12.
num_chunk_splits: 2520.
num_chunks_enlarged: 2106.
num_inconsistent_stats: 0.

CodeHeap 'non-profiled nmethods': size=119232Kb used=4119Kb max_used=4119Kb free=115112Kb
 bounds [0x0000016910350000, 0x0000016910760000, 0x00000169177c0000]
CodeHeap 'profiled nmethods': size=119104Kb used=12199Kb max_used=12199Kb free=106904Kb
 bounds [0x00000169087c0000, 0x00000169093b0000, 0x000001690fc10000]
CodeHeap 'non-nmethods': size=7424Kb used=3338Kb max_used=3467Kb free=4085Kb
 bounds [0x000001690fc10000, 0x000001690ff90000, 0x0000016910350000]
CodeCache: size=245760Kb, used=19656Kb, max_used=19785Kb, free=226101Kb
 total_blobs=8663, nmethods=7896, adapters=667, full_count=0
Compilation: enabled, stopped_count=0, restarted_count=0

Compilation events (20 events):
Event: 10.285 Thread 0x0000016923a811a0 8597       4       org.springframework.core.SerializableTypeWrapper$MethodInvokeTypeProvider::getType (57 bytes)
Event: 10.287 Thread 0x0000016923a7f970 nmethod 8593 0x0000016910716688 code [0x0000016910716780, 0x00000169107176c0]
Event: 10.287 Thread 0x0000016923a7f970 8595       4       org.springframework.core.SerializableTypeWrapper$MethodInvokeTypeProvider::<init> (36 bytes)
Event: 10.287 Thread 0x0000016923a7f970 nmethod 8595 0x0000016910717788 code [0x0000016910717880, 0x0000016910717df8]
Event: 10.287 Thread 0x0000016923a7f970 8598   !   4       org.springframework.core.$Proxy6::getRawType (28 bytes)
Event: 10.288 Thread 0x0000016923a7f970 nmethod 8598 0x0000016910717e08 code [0x0000016910717f00, 0x0000016910718080]
Event: 10.288 Thread 0x0000016923a7f970 8599       4       java.lang.invoke.LambdaForm$MH/0x000000000f8c0000::invoke (39 bytes)
Event: 10.289 Thread 0x000001691d9dfd50 8605       3       sun.reflect.generics.tree.TypeVariableSignature::make (9 bytes)
Event: 10.289 Thread 0x000001691d9d7540 8606       3       sun.reflect.generics.tree.TypeVariableSignature::<init> (10 bytes)
Event: 10.289 Thread 0x000001691d9dfd50 nmethod 8605 0x000001690935b308 code [0x000001690935b400, 0x000001690935b660]
Event: 10.289 Thread 0x000001691d9d7540 nmethod 8606 0x000001690935b688 code [0x000001690935b780, 0x000001690935b940]
Event: 10.289 Thread 0x0000016923a7f970 nmethod 8599 0x0000016910718108 code [0x0000016910718200, 0x00000169107182a8]
Event: 10.289 Thread 0x0000016923a7f970 8590       4       org.springframework.beans.factory.support.RootBeanDefinition::getTargetType (30 bytes)
Event: 10.290 Thread 0x0000016923a7f970 nmethod 8590 0x0000016910718408 code [0x0000016910718500, 0x00000169107185a8]
Event: 10.290 Thread 0x0000016923a7f970 8587       4       org.springframework.core.ResolvableType::forClass (9 bytes)
Event: 10.293 Thread 0x0000016923a7f970 nmethod 8587 0x0000016910718708 code [0x0000016910718800, 0x0000016910718928]
Event: 10.293 Thread 0x0000016923a7f970 8602   !   4       org.springframework.core.$Proxy6::getTypeProvider (28 bytes)
Event: 10.295 Thread 0x0000016923a7f970 nmethod 8602 0x0000016910718a08 code [0x0000016910718b00, 0x0000016910718c80]
Event: 10.295 Thread 0x0000016923a7f970 8607       4       org.springframework.util.ClassUtils::getUserClass (15 bytes)
Event: 10.297 Thread 0x0000016923a7f970 nmethod 8607 0x0000016910718d08 code [0x0000016910718e00, 0x0000016910719058]

GC Heap Usage History (20 events):
Event: 2.916 {heap Before GC invocations=3 (full 0):
 garbage-first heap   total reserved 4155392K, committed 69632K, used 66881K [0x0000000702600000, 0x0000000800000000)
  region size 2048K, 31 young (63488K), 7 survivors (14336K)
}
Event: 2.929 {heap After GC invocations=4 (full 0):
 garbage-first heap   total reserved 4155392K, committed 90112K, used 22759K [0x0000000702600000, 0x0000000800000000)
  region size 2048K, 6 young (12288K), 6 survivors (12288K)
}
Event: 3.621 {heap Before GC invocations=4 (full 0):
 garbage-first heap   total reserved 4155392K, committed 90112K, used 61671K [0x0000000702600000, 0x0000000800000000)
  region size 2048K, 25 young (51200K), 6 survivors (12288K)
}
Event: 3.631 {heap After GC invocations=5 (full 0):
 garbage-first heap   total reserved 4155392K, committed 90112K, used 25271K [0x0000000702600000, 0x0000000800000000)
  region size 2048K, 2 young (4096K), 2 survivors (4096K)
}
Event: 3.720 {heap Before GC invocations=5 (full 0):
 garbage-first heap   total reserved 4155392K, committed 90112K, used 27319K [0x0000000702600000, 0x0000000800000000)
  region size 2048K, 4 young (8192K), 2 survivors (4096K)
}
Event: 3.724 {heap After GC invocations=6 (full 0):
 garbage-first heap   total reserved 4155392K, committed 90112K, used 24940K [0x0000000702600000, 0x0000000800000000)
  region size 2048K, 2 young (4096K), 2 survivors (4096K)
}
Event: 6.444 {heap Before GC invocations=7 (full 0):
 garbage-first heap   total reserved 4155392K, committed 90112K, used 65900K [0x0000000702600000, 0x0000000800000000)
  region size 2048K, 22 young (45056K), 2 survivors (4096K)
}
Event: 6.450 {heap After GC invocations=8 (full 0):
 garbage-first heap   total reserved 4155392K, committed 90112K, used 30674K [0x0000000702600000, 0x0000000800000000)
  region size 2048K, 3 young (6144K), 3 survivors (6144K)
}
Event: 7.105 {heap Before GC invocations=8 (full 0):
 garbage-first heap   total reserved 4155392K, committed 90112K, used 61394K [0x0000000702600000, 0x0000000800000000)
  region size 2048K, 20 young (40960K), 3 survivors (6144K)
}
Event: 7.113 {heap After GC invocations=9 (full 0):
 garbage-first heap   total reserved 4155392K, committed 90112K, used 30648K [0x0000000702600000, 0x0000000800000000)
  region size 2048K, 1 young (2048K), 1 survivors (2048K)
}
Event: 7.148 {heap Before GC invocations=9 (full 0):
 garbage-first heap   total reserved 4155392K, committed 90112K, used 30648K [0x0000000702600000, 0x0000000800000000)
  region size 2048K, 2 young (4096K), 1 survivors (2048K)
}
Event: 7.151 {heap After GC invocations=10 (full 0):
 garbage-first heap   total reserved 4155392K, committed 90112K, used 30599K [0x0000000702600000, 0x0000000800000000)
  region size 2048K, 1 young (2048K), 1 survivors (2048K)
}
Event: 8.903 {heap Before GC invocations=11 (full 0):
 garbage-first heap   total reserved 4155392K, committed 90112K, used 75655K [0x0000000702600000, 0x0000000800000000)
  region size 2048K, 23 young (47104K), 1 survivors (2048K)
}
Event: 8.907 {heap After GC invocations=12 (full 0):
 garbage-first heap   total reserved 4155392K, committed 90112K, used 33172K [0x0000000702600000, 0x0000000800000000)
  region size 2048K, 3 young (6144K), 3 survivors (6144K)
}
Event: 9.392 {heap Before GC invocations=12 (full 0):
 garbage-first heap   total reserved 4155392K, committed 90112K, used 76180K [0x0000000702600000, 0x0000000800000000)
  region size 2048K, 24 young (49152K), 3 survivors (6144K)
}
Event: 9.406 {heap After GC invocations=13 (full 0):
 garbage-first heap   total reserved 4155392K, committed 90112K, used 35847K [0x0000000702600000, 0x0000000800000000)
  region size 2048K, 3 young (6144K), 3 survivors (6144K)
}
Event: 9.728 {heap Before GC invocations=13 (full 0):
 garbage-first heap   total reserved 4155392K, committed 90112K, used 74759K [0x0000000702600000, 0x0000000800000000)
  region size 2048K, 23 young (47104K), 3 survivors (6144K)
}
Event: 9.733 {heap After GC invocations=14 (full 0):
 garbage-first heap   total reserved 4155392K, committed 108544K, used 37454K [0x0000000702600000, 0x0000000800000000)
  region size 2048K, 1 young (2048K), 1 survivors (2048K)
}
Event: 9.872 {heap Before GC invocations=14 (full 0):
 garbage-first heap   total reserved 4155392K, committed 108544K, used 92750K [0x0000000702600000, 0x0000000800000000)
  region size 2048K, 28 young (57344K), 1 survivors (2048K)
}
Event: 9.874 {heap After GC invocations=15 (full 0):
 garbage-first heap   total reserved 4155392K, committed 108544K, used 37457K [0x0000000702600000, 0x0000000800000000)
  region size 2048K, 1 young (2048K), 1 survivors (2048K)
}

Metaspace Usage History (20 events):
Event: 2.916 {metaspace Before GC invocations=3 (full 0):
 Metaspace       used 28051K, committed 28416K, reserved 1114112K
  class space    used 2786K, committed 2944K, reserved 1048576K
}
Event: 2.929 {metaspace After GC invocations=4 (full 0):
 Metaspace       used 28051K, committed 28416K, reserved 1114112K
  class space    used 2786K, committed 2944K, reserved 1048576K
}
Event: 3.621 {metaspace Before GC invocations=4 (full 0):
 Metaspace       used 34432K, committed 34816K, reserved 1114112K
  class space    used 3474K, committed 3648K, reserved 1048576K
}
Event: 3.631 {metaspace After GC invocations=5 (full 0):
 Metaspace       used 34432K, committed 34816K, reserved 1114112K
  class space    used 3474K, committed 3648K, reserved 1048576K
}
Event: 3.720 {metaspace Before GC invocations=5 (full 0):
 Metaspace       used 35583K, committed 35968K, reserved 1114112K
  class space    used 3639K, committed 3840K, reserved 1048576K
}
Event: 3.724 {metaspace After GC invocations=6 (full 0):
 Metaspace       used 35583K, committed 35968K, reserved 1114112K
  class space    used 3639K, committed 3840K, reserved 1048576K
}
Event: 6.444 {metaspace Before GC invocations=7 (full 0):
 Metaspace       used 49680K, committed 50112K, reserved 1114112K
  class space    used 5145K, committed 5312K, reserved 1048576K
}
Event: 6.450 {metaspace After GC invocations=8 (full 0):
 Metaspace       used 49680K, committed 50112K, reserved 1114112K
  class space    used 5145K, committed 5312K, reserved 1048576K
}
Event: 7.106 {metaspace Before GC invocations=8 (full 0):
 Metaspace       used 60014K, committed 60416K, reserved 1114112K
  class space    used 6240K, committed 6400K, reserved 1048576K
}
Event: 7.113 {metaspace After GC invocations=9 (full 0):
 Metaspace       used 60014K, committed 60416K, reserved 1114112K
  class space    used 6240K, committed 6400K, reserved 1048576K
}
Event: 7.148 {metaspace Before GC invocations=9 (full 0):
 Metaspace       used 60312K, committed 60736K, reserved 1114112K
  class space    used 6287K, committed 6464K, reserved 1048576K
}
Event: 7.151 {metaspace After GC invocations=10 (full 0):
 Metaspace       used 60312K, committed 60736K, reserved 1114112K
  class space    used 6287K, committed 6464K, reserved 1048576K
}
Event: 8.903 {metaspace Before GC invocations=11 (full 0):
 Metaspace       used 67618K, committed 68096K, reserved 1114112K
  class space    used 7105K, committed 7296K, reserved 1048576K
}
Event: 8.907 {metaspace After GC invocations=12 (full 0):
 Metaspace       used 67618K, committed 68096K, reserved 1114112K
  class space    used 7105K, committed 7296K, reserved 1048576K
}
Event: 9.392 {metaspace Before GC invocations=12 (full 0):
 Metaspace       used 73508K, committed 74048K, reserved 1179648K
  class space    used 8139K, committed 8384K, reserved 1048576K
}
Event: 9.406 {metaspace After GC invocations=13 (full 0):
 Metaspace       used 73508K, committed 74048K, reserved 1179648K
  class space    used 8139K, committed 8384K, reserved 1048576K
}
Event: 9.728 {metaspace Before GC invocations=13 (full 0):
 Metaspace       used 76099K, committed 76672K, reserved 1179648K
  class space    used 8530K, committed 8768K, reserved 1048576K
}
Event: 9.733 {metaspace After GC invocations=14 (full 0):
 Metaspace       used 76099K, committed 76672K, reserved 1179648K
  class space    used 8530K, committed 8768K, reserved 1048576K
}
Event: 9.872 {metaspace Before GC invocations=14 (full 0):
 Metaspace       used 76121K, committed 76672K, reserved 1179648K
  class space    used 8531K, committed 8768K, reserved 1048576K
}
Event: 9.874 {metaspace After GC invocations=15 (full 0):
 Metaspace       used 76121K, committed 76672K, reserved 1179648K
  class space    used 8531K, committed 8768K, reserved 1048576K
}

Dll operation events (11 events):
Event: 0.012 Loaded shared library C:\Users\fabri\.jdks\openjdk-25.0.1\bin\java.dll
Event: 0.170 Loaded shared library C:\Users\fabri\.jdks\openjdk-25.0.1\bin\zip.dll
Event: 0.173 Loaded shared library C:\Users\fabri\.jdks\openjdk-25.0.1\bin\instrument.dll
Event: 0.179 Loaded shared library C:\Users\fabri\.jdks\openjdk-25.0.1\bin\net.dll
Event: 0.181 Loaded shared library C:\Users\fabri\.jdks\openjdk-25.0.1\bin\nio.dll
Event: 0.184 Loaded shared library C:\Users\fabri\.jdks\openjdk-25.0.1\bin\zip.dll
Event: 0.290 Loaded shared library C:\Users\fabri\.jdks\openjdk-25.0.1\bin\extnet.dll
Event: 0.307 Loaded shared library C:\Users\fabri\.jdks\openjdk-25.0.1\bin\jimage.dll
Event: 0.615 Loaded shared library C:\Users\fabri\.jdks\openjdk-25.0.1\bin\management.dll
Event: 0.617 Loaded shared library C:\Users\fabri\.jdks\openjdk-25.0.1\bin\management_ext.dll
Event: 1.432 Loaded shared library C:\Users\fabri\.jdks\openjdk-25.0.1\bin\sunmscapi.dll

Deoptimization events (20 events):
Event: 10.058 Thread 0x000001697f804da0 DEOPT PACKING pc=0x0000016910613ee4 sp=0x00000053d86fafd0
Event: 10.058 Thread 0x000001697f804da0 DEOPT UNPACKING pc=0x000001690fd31e82 sp=0x00000053d86fad00 mode 2
Event: 10.060 Thread 0x000001697f804da0 Uncommon trap: trap_request=0xffffff45 fr.pc=0x0000016910527930 relative=0x00000000000006b0
Event: 10.060 Thread 0x000001697f804da0 Uncommon trap: reason=unstable_if action=reinterpret pc=0x0000016910527930 method=org.springframework.core.annotation.AnnotationsScanner.processClassHierarchy(Ljava/lang/Object;[ILjava/lang/Class;Lorg/springframework/core/annotation/AnnotationsProcessor;Z
Event: 10.060 Thread 0x000001697f804da0 DEOPT PACKING pc=0x0000016910527930 sp=0x00000053d86fb7a0
Event: 10.060 Thread 0x000001697f804da0 DEOPT UNPACKING pc=0x000001690fd31e82 sp=0x00000053d86fb7a8 mode 2
Event: 10.109 Thread 0x000001697f804da0 DEOPT PACKING pc=0x0000016908bd7de3 sp=0x00000053d86f5bc0
Event: 10.109 Thread 0x000001697f804da0 DEOPT UNPACKING pc=0x000001690fc61702 sp=0x00000053d86f50a8 mode 0
Event: 10.112 Thread 0x000001697f804da0 DEOPT PACKING pc=0x0000016908bd7de3 sp=0x00000053d86f5bc0
Event: 10.112 Thread 0x000001697f804da0 DEOPT UNPACKING pc=0x000001690fc61702 sp=0x00000053d86f50a8 mode 0
Event: 10.113 Thread 0x000001697f804da0 DEOPT PACKING pc=0x0000016908bd7de3 sp=0x00000053d86f5930
Event: 10.113 Thread 0x000001697f804da0 DEOPT UNPACKING pc=0x000001690fc61702 sp=0x00000053d86f4e28 mode 0
Event: 10.114 Thread 0x000001697f804da0 Uncommon trap: trap_request=0xffffff45 fr.pc=0x000001691068ef08 relative=0x0000000000000088
Event: 10.114 Thread 0x000001697f804da0 Uncommon trap: reason=unstable_if action=reinterpret pc=0x000001691068ef08 method=java.util.stream.AbstractPipeline.close()V @ 24 c2
Event: 10.114 Thread 0x000001697f804da0 DEOPT PACKING pc=0x000001691068ef08 sp=0x00000053d86f6000
Event: 10.114 Thread 0x000001697f804da0 DEOPT UNPACKING pc=0x000001690fd31e82 sp=0x00000053d86f5f98 mode 2
Event: 10.173 Thread 0x000001697f804da0 Uncommon trap: trap_request=0xffffff45 fr.pc=0x000001691053541c relative=0x0000000000003a9c
Event: 10.173 Thread 0x000001697f804da0 Uncommon trap: reason=unstable_if action=reinterpret pc=0x000001691053541c method=org.springframework.core.annotation.TypeMappedAnnotations$MergedAnnotationFinder.process(Ljava/lang/Object;ILjava/lang/Object;Ljava/lang/annotation/Annotation;)Lorg/springfr
Event: 10.173 Thread 0x000001697f804da0 DEOPT PACKING pc=0x000001691053541c sp=0x00000053d86fcaf0
Event: 10.173 Thread 0x000001697f804da0 DEOPT UNPACKING pc=0x000001690fd31e82 sp=0x00000053d86fc9c8 mode 2

Classes loaded (20 events):
Event: 9.019 Loading class java/util/regex/Pattern$Bound
Event: 9.019 Loading class java/util/regex/Pattern$Bound done
Event: 9.020 Loading class java/util/regex/Pattern$Behind
Event: 9.020 Loading class java/util/regex/Pattern$Behind done
Event: 9.032 Loading class java/util/EmptyStackException
Event: 9.032 Loading class java/util/EmptyStackException done
Event: 9.130 Loading class java/io/InvalidClassException
Event: 9.130 Loading class java/io/InvalidClassException done
Event: 9.911 Loading class java/lang/invoke/MethodHandleImpl$CountingWrapper$1
Event: 9.911 Loading class java/lang/invoke/MethodHandleImpl$CountingWrapper$1 done
Event: 10.124 Loading class java/util/EnumMap$EntrySet
Event: 10.124 Loading class java/util/EnumMap$EntrySet done
Event: 10.124 Loading class java/util/EnumMap$EntryIterator
Event: 10.124 Loading class java/util/EnumMap$EnumMapIterator
Event: 10.125 Loading class java/util/EnumMap$EnumMapIterator done
Event: 10.125 Loading class java/util/EnumMap$EntryIterator done
Event: 10.252 Loading class java/util/regex/PatternSyntaxException
Event: 10.252 Loading class java/util/regex/PatternSyntaxException done
Event: 10.257 Loading class java/util/Comparators$NullComparator
Event: 10.257 Loading class java/util/Comparators$NullComparator done

Classes unloaded (0 events):
No events

Classes redefined (0 events):
No events

Internal exceptions (20 events):
Event: 7.448 Thread 0x000001697f804da0 Exception <a 'java/lang/NoSuchMethodError'{0x00000007062b9768}: 'java.lang.Object java.lang.invoke.DirectMethodHandle$Holder.newInvokeSpecial(java.lang.Object, java.lang.Object, int, java.lang.Object)'> (0x00000007062b9768) 
thrown [s\open\src\hotspot\share\interpreter\linkResolver.cpp, line 804]
Event: 7.462 Thread 0x000001697f804da0 Exception <a 'java/lang/NoSuchMethodError'{0x000000070635faf0}: 'void java.lang.invoke.DirectMethodHandle$Holder.invokeSpecial(java.lang.Object, java.lang.Object, java.lang.Object, java.lang.Object, java.lang.Object, java.lang.Object, java.lang.Object, java.lang.Object)'> (0x000000070635faf0) 
thrown [s\open\src\hotspot\share\interpreter\linkResolver.cpp, line 804]
Event: 7.491 Thread 0x000001697f804da0 Exception <a 'java/lang/NoSuchMethodError'{0x00000007061025d0}: 'int java.lang.invoke.DirectMethodHandle$Holder.invokeStatic(java.lang.Object, int, java.lang.Object)'> (0x00000007061025d0) 
thrown [s\open\src\hotspot\share\interpreter\linkResolver.cpp, line 804]
Event: 7.498 Thread 0x000001697f804da0 Exception <a 'java/lang/NoSuchMethodError'{0x0000000706176ea0}: 'java.lang.Object java.lang.invoke.Invokers$Holder.linkToTargetMethod(java.lang.Object, java.lang.Object, java.lang.Object, java.lang.Object, java.lang.Object, java.lang.Object, java.lang.Object, java.lang.Object, java.lang.Object, java.lang.Object, java.lang.Object, java.lang.Object)'> (0x0000000706176ea0) 
thrown [s\open\src\hotspot\share\interpreter\linkResolver.cpp, line 804]
Event: 7.530 Thread 0x000001697f804da0 Exception <a 'java/lang/IncompatibleClassChangeError'{0x0000000705f47078}: Found class java.lang.Object, but interface was expected> (0x0000000705f47078) 
thrown [s\open\src\hotspot\share\interpreter\linkResolver.cpp, line 871]
Event: 8.364 Thread 0x000001697f804da0 Implicit null exception at 0x00000169105137b6 to 0x00000169105141a8
Event: 8.364 Thread 0x000001697f804da0 Implicit null exception at 0x00000169105126b6 to 0x00000169105130b8
Event: 8.709 Thread 0x000001697f804da0 Exception <a 'java/lang/NoSuchMethodError'{0x000000070557e2f0}: 'void java.lang.invoke.Invokers$Holder.invokeExact_MT(java.lang.Object, java.lang.Object, java.lang.Object, java.lang.Object)'> (0x000000070557e2f0) 
thrown [s\open\src\hotspot\share\interpreter\linkResolver.cpp, line 804]
Event: 8.729 Thread 0x000001697f804da0 Implicit null exception at 0x00000169105f892c to 0x00000169105f8c40
Event: 8.745 Thread 0x000001697f804da0 Implicit null exception at 0x0000016910571b02 to 0x000001691057318c
Event: 8.750 Thread 0x000001697f804da0 Exception <a 'java/lang/IncompatibleClassChangeError'{0x000000070504dad0}: Found class java.lang.Object, but interface was expected> (0x000000070504dad0) 
thrown [s\open\src\hotspot\share\interpreter\linkResolver.cpp, line 871]
Event: 8.781 Thread 0x000001697f804da0 Exception <a 'java/lang/IncompatibleClassChangeError'{0x00000007051e4858}: Found class java.lang.Object, but interface was expected> (0x00000007051e4858) 
thrown [s\open\src\hotspot\share\interpreter\linkResolver.cpp, line 871]
Event: 8.981 Thread 0x000001697f804da0 Exception <a 'java/lang/IncompatibleClassChangeError'{0x00000007123dc868}: Found class java.lang.Object, but interface was expected> (0x00000007123dc868) 
thrown [s\open\src\hotspot\share\interpreter\linkResolver.cpp, line 871]
Event: 9.021 Thread 0x000001697f804da0 Exception <a 'java/lang/IncompatibleClassChangeError'{0x000000070e03f5d8}: Found class java.lang.Object, but interface was expected> (0x000000070e03f5d8) 
thrown [s\open\src\hotspot\share\interpreter\linkResolver.cpp, line 871]
Event: 9.993 Thread 0x000001697f804da0 Exception <a 'java/io/FileNotFoundException'{0x000000070d875ad8}> (0x000000070d875ad8) 
thrown [s\open\src\hotspot\share\prims\jni.cpp, line 516]
Event: 9.994 Thread 0x000001697f804da0 Exception <a 'java/io/FileNotFoundException'{0x000000070d87f690}> (0x000000070d87f690) 
thrown [s\open\src\hotspot\share\prims\jni.cpp, line 516]
Event: 9.994 Thread 0x000001697f804da0 Exception <a 'java/io/FileNotFoundException'{0x000000070d889420}> (0x000000070d889420) 
thrown [s\open\src\hotspot\share\prims\jni.cpp, line 516]
Event: 9.995 Thread 0x000001697f804da0 Exception <a 'java/io/FileNotFoundException'{0x000000070d893170}> (0x000000070d893170) 
thrown [s\open\src\hotspot\share\prims\jni.cpp, line 516]
Event: 10.069 Thread 0x000001697f804da0 Exception <a 'java/lang/NoSuchMethodError'{0x0000000707421418}: 'java.lang.Object java.lang.invoke.DirectMethodHandle$Holder.newInvokeSpecial(java.lang.Object, java.lang.Object, java.lang.Object, java.lang.Object, java.lang.Object, java.lang.Object, java.lang.Object, java.lang.Object, java.lang.Object, java.lang.Object, java.lang.Object)'> (0x0000000707421418) 
thrown [s\open\src\hotspot\share\interpreter\linkResolver.cpp, line 804]
Event: 10.125 Thread 0x000001697f804da0 Exception <a 'java/lang/NoSuchMethodError'{0x00000007073787f0}: 'java.lang.Object java.lang.invoke.DirectMethodHandle$Holder.invokeVirtual(java.lang.Object, java.lang.Object, java.lang.Object, int)'> (0x00000007073787f0) 
thrown [s\open\src\hotspot\share\interpreter\linkResolver.cpp, line 804]

VM Operations (20 events):
Event: 7.933 Executing non-safepoint VM operation: HandshakeAllThreads (Deoptimize)
Event: 7.933 Executing non-safepoint VM operation: HandshakeAllThreads (Deoptimize) done
Event: 8.876 Executing non-safepoint VM operation: HandshakeAllThreads (Deoptimize)
Event: 8.876 Executing non-safepoint VM operation: HandshakeAllThreads (Deoptimize) done
Event: 8.876 Executing non-safepoint VM operation: HandshakeAllThreads (Deoptimize)
Event: 8.876 Executing non-safepoint VM operation: HandshakeAllThreads (Deoptimize) done
Event: 8.903 Executing safepoint VM operation: G1CollectForAllocation (G1 Evacuation Pause)
Event: 8.907 Executing safepoint VM operation: G1CollectForAllocation (G1 Evacuation Pause) done
Event: 9.144 Executing non-safepoint VM operation: HandshakeAllThreads (Deoptimize)
Event: 9.144 Executing non-safepoint VM operation: HandshakeAllThreads (Deoptimize) done
Event: 9.223 Executing non-safepoint VM operation: HandshakeAllThreads (Deoptimize)
Event: 9.223 Executing non-safepoint VM operation: HandshakeAllThreads (Deoptimize) done
Event: 9.392 Executing safepoint VM operation: G1CollectForAllocation (G1 Evacuation Pause)
Event: 9.406 Executing safepoint VM operation: G1CollectForAllocation (G1 Evacuation Pause) done
Event: 9.728 Executing safepoint VM operation: G1CollectForAllocation (G1 Evacuation Pause)
Event: 9.733 Executing safepoint VM operation: G1CollectForAllocation (G1 Evacuation Pause) done
Event: 9.872 Executing safepoint VM operation: G1CollectForAllocation (G1 Evacuation Pause)
Event: 9.874 Executing safepoint VM operation: G1CollectForAllocation (G1 Evacuation Pause) done
Event: 10.001 Executing non-safepoint VM operation: HandshakeAllThreads (Deoptimize)
Event: 10.001 Executing non-safepoint VM operation: HandshakeAllThreads (Deoptimize) done

Memory protections (0 events):
No events

Nmethod flushes (20 events):
Event: 7.180 Thread 0x000001697f7e9770 flushing  nmethod 0x00000169088dcc08
Event: 7.180 Thread 0x000001697f7e9770 flushing  nmethod 0x00000169088de508
Event: 7.180 Thread 0x000001697f7e9770 flushing  nmethod 0x00000169088e1108
Event: 7.180 Thread 0x000001697f7e9770 flushing  nmethod 0x0000016908957e88
Event: 7.180 Thread 0x000001697f7e9770 flushing  nmethod 0x00000169089e5308
Event: 7.180 Thread 0x000001697f7e9770 flushing  nmethod 0x0000016908aa6b88
Event: 7.180 Thread 0x000001697f7e9770 flushing  nmethod 0x0000016908b89208
Event: 7.180 Thread 0x000001697f7e9770 flushing  nmethod 0x0000016908b89f08
Event: 7.180 Thread 0x000001697f7e9770 flushing  nmethod 0x0000016908b8ae08
Event: 7.180 Thread 0x000001697f7e9770 flushing  nmethod 0x0000016908c16808
Event: 7.180 Thread 0x000001697f7e9770 flushing  nmethod 0x0000016908c17e88
Event: 7.180 Thread 0x000001697f7e9770 flushing  nmethod 0x0000016908c1fc88
Event: 7.180 Thread 0x000001697f7e9770 flushing  nmethod 0x0000016908cbc308
Event: 7.180 Thread 0x000001697f7e9770 flushing  nmethod 0x0000016908cc0808
Event: 7.180 Thread 0x000001697f7e9770 flushing  nmethod 0x0000016908e02988
Event: 7.180 Thread 0x000001697f7e9770 flushing  nmethod 0x0000016908e0b008
Event: 7.180 Thread 0x000001697f7e9770 flushing  nmethod 0x0000016908eab808
Event: 7.180 Thread 0x000001697f7e9770 flushing  nmethod 0x0000016908eb0308
Event: 7.180 Thread 0x000001697f7e9770 flushing  nmethod 0x0000016908f52088
Event: 7.180 Thread 0x000001697f7e9770 flushing  nmethod 0x0000016908f58f08

Events (20 events):
Event: 4.935 Thread 0x0000016923a7c910 Thread exited: 0x0000016923a7c910
Event: 4.935 Thread 0x0000016923a7d930 Thread exited: 0x0000016923a7d930
Event: 4.937 Thread 0x0000016923a7c100 Thread exited: 0x0000016923a7c100
Event: 5.939 Thread 0x000001697f804da0 Thread added: 0x00000169252fde60
Event: 6.045 Thread 0x00000169252fde60 Thread added: 0x0000016925300570
Event: 7.307 Thread 0x000001697f81b190 Thread added: 0x0000016923a7d120
Event: 7.773 Thread 0x0000016923a7d120 Thread exited: 0x0000016923a7d120
Event: 8.709 Thread 0x000001697f81b190 Thread added: 0x0000016923a7b8f0
Event: 8.746 Thread 0x000001697f803d70 Thread added: 0x0000016923a7d120
Event: 9.000 Thread 0x000001691d9d7540 Thread added: 0x0000016923a84200
Event: 9.138 Thread 0x0000016923a84200 Thread exited: 0x0000016923a84200
Event: 9.138 Thread 0x0000016923a7d120 Thread exited: 0x0000016923a7d120
Event: 9.138 Thread 0x0000016923a7b8f0 Thread exited: 0x0000016923a7b8f0
Event: 9.166 Thread 0x0000016922941cf0 Thread added: 0x0000016923a7f970
Event: 9.186 Thread 0x000001691d9dfd50 Thread added: 0x0000016923a811a0
Event: 9.188 Thread 0x000001697f81b190 Thread added: 0x0000016923a7b8f0
Event: 9.189 Thread 0x0000016923a7b8f0 Thread added: 0x0000016923a7d120
Event: 9.191 Thread 0x0000016923a7d120 Thread added: 0x0000016923a84200
Event: 9.207 Thread 0x000001697f81b190 Thread added: 0x0000016923a7d930
Event: 9.207 Thread 0x000001697f81b190 Thread added: 0x0000016923a80990


Dynamic libraries:
0x00007ff77f070000 - 0x00007ff77f07e000 	C:\Users\fabri\.jdks\openjdk-25.0.1\bin\java.exe
0x00007ffedde30000 - 0x00007ffede028000 	C:\Windows\SYSTEM32\ntdll.dll
0x00007ffedc570000 - 0x00007ffedc632000 	C:\Windows\System32\KERNEL32.DLL
0x00007ffedbb50000 - 0x00007ffedbe46000 	C:\Windows\System32\KERNELBASE.dll
0x00007ffedb6e0000 - 0x00007ffedb7e0000 	C:\Windows\System32\ucrtbase.dll
0x00007ffed8290000 - 0x00007ffed82ae000 	C:\Users\fabri\.jdks\openjdk-25.0.1\bin\VCRUNTIME140.dll
0x00007ffed82b0000 - 0x00007ffed82c7000 	C:\Users\fabri\.jdks\openjdk-25.0.1\bin\jli.dll
0x00007ffeddc40000 - 0x00007ffeddde1000 	C:\Windows\System32\USER32.dll
0x00007ffedb990000 - 0x00007ffedb9b2000 	C:\Windows\System32\win32u.dll
0x00007ffec7520000 - 0x00007ffec77bb000 	C:\Windows\WinSxS\amd64_microsoft.windows.common-controls_6595b64144ccf1df_6.0.19041.6456_none_60b8a6cb71f64256\COMCTL32.dll
0x00007ffedbeb0000 - 0x00007ffedbedb000 	C:\Windows\System32\GDI32.dll
0x00007ffedbf40000 - 0x00007ffedbfde000 	C:\Windows\System32\msvcrt.dll
0x00007ffedb510000 - 0x00007ffedb629000 	C:\Windows\System32\gdi32full.dll
0x00007ffedb7e0000 - 0x00007ffedb87d000 	C:\Windows\System32\msvcp_win.dll
0x00007ffeddc10000 - 0x00007ffeddc3f000 	C:\Windows\System32\IMM32.DLL
0x00007ffed8280000 - 0x00007ffed828c000 	C:\Users\fabri\.jdks\openjdk-25.0.1\bin\vcruntime140_1.dll
0x00007ffed81f0000 - 0x00007ffed827d000 	C:\Users\fabri\.jdks\openjdk-25.0.1\bin\msvcp140.dll
0x00007ffe44330000 - 0x00007ffe4518f000 	C:\Users\fabri\.jdks\openjdk-25.0.1\bin\server\jvm.dll
0x00007ffeddb50000 - 0x00007ffeddc01000 	C:\Windows\System32\ADVAPI32.dll
0x00007ffedd520000 - 0x00007ffedd5bf000 	C:\Windows\System32\sechost.dll
0x00007ffedce10000 - 0x00007ffedcf30000 	C:\Windows\System32\RPCRT4.dll
0x00007ffedb9c0000 - 0x00007ffedb9e7000 	C:\Windows\System32\bcrypt.dll
0x00007ffedcf30000 - 0x00007ffedcf9b000 	C:\Windows\System32\WS2_32.dll
0x00007ffedb200000 - 0x00007ffedb24b000 	C:\Windows\SYSTEM32\POWRPROF.dll
0x00007ffed54b0000 - 0x00007ffed54ba000 	C:\Windows\SYSTEM32\VERSION.dll
0x00007ffed2470000 - 0x00007ffed2497000 	C:\Windows\SYSTEM32\WINMM.dll
0x00007ffedb1e0000 - 0x00007ffedb1f2000 	C:\Windows\SYSTEM32\UMPDC.dll
0x00007ffed9310000 - 0x00007ffed9322000 	C:\Windows\SYSTEM32\kernel.appcore.dll
0x00007ffed81c0000 - 0x00007ffed81ca000 	C:\Users\fabri\.jdks\openjdk-25.0.1\bin\jimage.dll
0x00007ffeceb10000 - 0x00007ffeced11000 	C:\Windows\SYSTEM32\DBGHELP.DLL
0x00007ffec5c40000 - 0x00007ffec5c74000 	C:\Windows\SYSTEM32\dbgcore.DLL
0x00007ffedb880000 - 0x00007ffedb902000 	C:\Windows\System32\bcryptPrimitives.dll
0x00007ffed6550000 - 0x00007ffed6560000 	C:\Users\fabri\.jdks\openjdk-25.0.1\bin\instrument.dll
0x00007ffed5fa0000 - 0x00007ffed5fbf000 	C:\Users\fabri\.jdks\openjdk-25.0.1\bin\java.dll
0x00007ffedd850000 - 0x00007ffedd97b000 	C:\Windows\System32\ole32.dll
0x00007ffedc150000 - 0x00007ffedc4a4000 	C:\Windows\System32\combase.dll
0x00007ffedc6a0000 - 0x00007ffedce10000 	C:\Windows\System32\SHELL32.dll
0x00007ffed9510000 - 0x00007ffed9cb5000 	C:\Windows\SYSTEM32\windows.storage.dll
0x00007ffedae10000 - 0x00007ffedae3b000 	C:\Windows\SYSTEM32\Wldp.dll
0x00007ffedd5c0000 - 0x00007ffedd68d000 	C:\Windows\System32\OLEAUT32.dll
0x00007ffedd000000 - 0x00007ffedd0ad000 	C:\Windows\System32\SHCORE.dll
0x00007ffedcfa0000 - 0x00007ffedcffb000 	C:\Windows\System32\shlwapi.dll
0x00007ffedb3f0000 - 0x00007ffedb414000 	C:\Windows\SYSTEM32\profapi.dll
0x00007ffed1b60000 - 0x00007ffed1b77000 	C:\Users\fabri\.jdks\openjdk-25.0.1\bin\zip.dll
0x00007ffed1ba0000 - 0x00007ffed1bb2000 	C:\Users\fabri\.jdks\openjdk-25.0.1\bin\net.dll
0x00007ffedab30000 - 0x00007ffedab9a000 	C:\Windows\system32\mswsock.dll
0x00007ffed1b80000 - 0x00007ffed1b96000 	C:\Users\fabri\.jdks\openjdk-25.0.1\bin\nio.dll
0x00007ffed5f90000 - 0x00007ffed5f99000 	C:\Users\fabri\.jdks\openjdk-25.0.1\bin\extnet.dll
0x00007ffed1c40000 - 0x00007ffed1c4a000 	C:\Users\fabri\.jdks\openjdk-25.0.1\bin\management.dll
0x00007ffed1b50000 - 0x00007ffed1b5c000 	C:\Users\fabri\.jdks\openjdk-25.0.1\bin\management_ext.dll
0x00007ffeddb40000 - 0x00007ffeddb48000 	C:\Windows\System32\PSAPI.DLL
0x00007ffed2030000 - 0x00007ffed203e000 	C:\Users\fabri\.jdks\openjdk-25.0.1\bin\sunmscapi.dll
0x00007ffedb9f0000 - 0x00007ffedbb4d000 	C:\Windows\System32\CRYPT32.dll
0x00007ffedae80000 - 0x00007ffedaea7000 	C:\Windows\SYSTEM32\ncrypt.dll
0x00007ffedae40000 - 0x00007ffedae7b000 	C:\Windows\SYSTEM32\NTASN1.dll
0x00007ffedad40000 - 0x00007ffedad58000 	C:\Windows\SYSTEM32\CRYPTSP.dll
0x00007ffeda450000 - 0x00007ffeda488000 	C:\Windows\system32\rsaenh.dll
0x00007ffedb3b0000 - 0x00007ffedb3de000 	C:\Windows\SYSTEM32\USERENV.dll
0x00007ffedad60000 - 0x00007ffedad6c000 	C:\Windows\SYSTEM32\CRYPTBASE.dll
0x00007ffeda820000 - 0x00007ffeda85b000 	C:\Windows\SYSTEM32\IPHLPAPI.DLL
0x00007ffedc4b0000 - 0x00007ffedc4b8000 	C:\Windows\System32\NSI.dll
0x00007ffeda860000 - 0x00007ffeda92a000 	C:\Windows\SYSTEM32\DNSAPI.dll
0x00007ffec9b20000 - 0x00007ffec9b2a000 	C:\Windows\System32\rasadhlp.dll
0x00007ffed4600000 - 0x00007ffed4680000 	C:\Windows\System32\fwpuclnt.dll

JVMTI agents:
C:\Program Files\JetBrains\IntelliJ IDEA 2025.3.1\lib\idea_rt.jar path:C:\Users\fabri\.jdks\openjdk-25.0.1\bin\instrument.dll, loaded, initialized, instrumentlib options:51787

dbghelp: loaded successfully - version: 4.0.5 - missing functions: none
symbol engine: initialized successfully - sym options: 0x614 - pdb path: .;C:\Users\fabri\.jdks\openjdk-25.0.1\bin;C:\Windows\SYSTEM32;C:\Windows\WinSxS\amd64_microsoft.windows.common-controls_6595b64144ccf1df_6.0.19041.6456_none_60b8a6cb71f64256;C:\Users\fabri\.jdks\openjdk-25.0.1\bin\server

VM Arguments:
jvm_args: -javaagent:C:\Program Files\JetBrains\IntelliJ IDEA 2025.3.1\lib\idea_rt.jar=51787 -Dfile.encoding=UTF-8 -Dsun.stdout.encoding=UTF-8 -Dsun.stderr.encoding=UTF-8 
java_command: com.nft_gestor.nft_gestor.NftGestorApplication
java_class_path (initial): C:\Users\fabri\OneDrive\Área de Trabalho\PROJETOS\CONSTRUÇÃO\Reacr_and_Java (Spring Boot)\nft-gestor-0.0.2\back-end\target\classes;C:\Users\fabri\.m2\repository\org\springframework\boot\spring-boot-starter-mail\4.0.2\spring-boot-starter-mail-4.0.2.jar;C:\Users\fabri\.m2\repository\org\springframework\boot\spring-boot-starter\4.0.2\spring-boot-starter-4.0.2.jar;C:\Users\fabri\.m2\repository\org\springframework\boot\spring-boot-starter-logging\4.0.2\spring-boot-starter-logging-4.0.2.jar;C:\Users\fabri\.m2\repository\ch\qos\logback\logback-classic\1.5.25\logback-classic-1.5.25.jar;C:\Users\fabri\.m2\repository\ch\qos\logback\logback-core\1.5.25\logback-core-1.5.25.jar;C:\Users\fabri\.m2\repository\org\apache\logging\log4j\log4j-to-slf4j\2.25.3\log4j-to-slf4j-2.25.3.jar;C:\Users\fabri\.m2\repository\org\apache\logging\log4j\log4j-api\2.25.3\log4j-api-2.25.3.jar;C:\Users\fabri\.m2\repository\org\slf4j\jul-to-slf4j\2.0.17\jul-to-slf4j-2.0.17.jar;C:\Users\fabri\.m2\repository\jakarta\annotation\jakarta.annotation-api\3.0.0\jakarta.annotation-api-3.0.0.jar;C:\Users\fabri\.m2\repository\org\yaml\snakeyaml\2.5\snakeyaml-2.5.jar;C:\Users\fabri\.m2\repository\org\springframework\boot\spring-boot-mail\4.0.2\spring-boot-mail-4.0.2.jar;C:\Users\fabri\.m2\repository\org\springframework\spring-context-support\7.0.3\spring-context-support-7.0.3.jar;C:\Users\fabri\.m2\repository\jakarta\mail\jakarta.mail-api\2.1.5\jakarta.mail-api-2.1.5.jar;C:\Users\fabri\.m2\repository\jakarta\activation\jakarta.activation-api\2.1.4\jakarta.activation-api-2.1.4.jar;C:\Users\fabri\.m2\repository\org\eclipse\angus\angus-mail\2.0.5\angus-mail-2.0.5.jar;C:\Users\fabri\.m2\repository\org\eclipse\angus\angus-activation\2.0.3\angus-activation-2.0.3.jar;C:\Users\fabri\.m2\repository\org\springframework\boot\spring-boot-starter-data-jpa\4.0.2\spring-boot-starter-data-jpa-4.0.2.jar;C:\Users\fabri\.m2\repository\org\springframework\boot\spring-boot-starter-jdbc\4.0.2\spring-boot-starter-jdbc-4.0.2.jar;C:\Users\fabri\.m2\repository\com\zaxxer\HikariCP\7.0.2\HikariCP-7.0.2.jar;C:\Users\fabri\.m2\repository\org\slf4j\slf4j-api\2.0.17\slf4j-api-2.0.17.jar;C:\Users\fabri\.m2\repository\org\springframework\boot\spring-boot-data-jpa\4.0.2\spring-boot-data-jpa-4.0.2.jar;C:\Users\fabri\.m2\repository\org\springframework\boot\spring-boot-data-commons\4.0.2\spring-boot-data-commons-4.0.2.jar;C:\Users\fabri\.m2\repository\org\springframework\boot\spring-boot-persistence\4.0.2\spring-boot-persistence-4.0.2.jar;C:\Users\fabri\.m2\repository\org\springframework\data\spring-data-commons\4.0.2\spring-data-commons-4.0.2.jar;C:\Users\fabri\.m2\repository\org\springframework\boot\spring-boot-hibernate\4.0.2\spring-boot-hibernate-4.0.2.jar;C:\Users\fabri\.m2\repository\org\springframework\boot\spring-boot-jpa\4.0.2\spring-boot-jpa-4.0.2.jar;C:\Users\fabri\.m2\repository\jakarta\persistence\jakarta.persistence-api\3.2.0\jakarta.persistence-api-3.2.0.jar;C:\Users\fabri\.m2\repository\org\hibernate\orm\hibernate-core\7.2.1.Final\hibernate-core-7.2.1.Final.jar;C:\Users\fabri\.m2\repository\jakarta\transaction\jakarta.transaction-api\2.0.1\jakarta.transaction-api-2.0.1.jar;C:\Users\fabri\.m2\repository\org\jboss\logging\jboss-logging\3.6.1.Final\jboss-logging-3.6.1.Final.jar;C:\Users\fabri\.m2\repository\org\hibernate\models\hibernate-models\1.0.1\hibernate-models-1.0.1.jar;C:\Users\fabri\.m2\repository\com\fasterxml\classmate\1.7.3\classmate-1.7.3.jar;C:\Users\fabri\.m2\repository\org\glassfish\jaxb\jaxb-runtime\4.0.6\jaxb-runtime-4.0.6.jar;C:\Users\fabri\.m2\repository\org\glassfish\jaxb\jaxb-core\4.0.6\jaxb-core-4.0.6.jar;C:\Users\fabri\.m2\repository\org\glassfish\jaxb\txw2\4.0.6\txw2-4.0.6.jar;C:\Users\fabri\.m2\repository\com\sun\istack\istack-commons-runtime\4.1.2\istack-commons-runtime-4.1.2.jar;C:\Users\fabri\.m2\repository\jakarta\inject\jakarta.inject-api\2.0.1\jakarta.inject-api-2.0.1.jar;C:\Users\fabri\.m2\repository\org\springframework\spring-orm\7.0.3\spring-orm-7.0.3.jar;C:\Users\fabri\.m2\repository\org\springframework\data\spring-data-jpa\4.0.2\spring-data-jpa-4.0.2.jar;C:\Users\fabri\.m2\repository\org\springframework\spring-tx\7.0.3\spring-tx-7.0.3.jar;C:\Users\fabri\.m2\repository\org\antlr\antlr4-runtime\4.13.2\antlr4-runtime-4.13.2.jar;C:\Users\fabri\.m2\repository\org\springframework\spring-aspects\7.0.3\spring-aspects-7.0.3.jar;C:\Users\fabri\.m2\repository\org\aspectj\aspectjweaver\1.9.25.1\aspectjweaver-1.9.25.1.jar;C:\Users\fabri\.m2\repository\org\springframework\boot\spring-boot-jdbc\4.0.2\spring-boot-jdbc-4.0.2.jar;C:\Users\fabri\.m2\repository\org\springframework\boot\spring-boot-sql\4.0.2\spring-boot-sql-4.0.2.jar;C:\Users\fabri\.m2\repository\org\springframework\boot\spring-boot-transaction\4.0.2\spring-boot-transaction-4.0.2.jar;C:\Users\fabri\.m2\repository\org\springframework\spring-jdbc\7.0.3\spring-jdbc-7.0.3.jar;C:\Users\fabri\.m2\repository\org\springframework\boot\spring-boot-starter-security\4.0.2\spring-boot-starter-security-4.0.2.jar;C:\Users\fabri\.m2\repository\org\springframework\boot\spring-boot-security\4.0.2\spring-boot-security-4.0.2.jar;C:\Users\fabri\.m2\repository\org\springframework\security\spring-security-config\7.0.2\spring-security-config-7.0.2.jar;C:\Users\fabri\.m2\repository\org\springframework\security\spring-security-core\7.0.2\spring-security-core-7.0.2.jar;C:\Users\fabri\.m2\repository\org\springframework\security\spring-security-crypto\7.0.2\spring-security-crypto-7.0.2.jar;C:\Users\fabri\.m2\repository\org\springframework\security\spring-security-web\7.0.2\spring-security-web-7.0.2.jar;C:\Users\fabri\.m2\repository\org\springframework\spring-expression\7.0.3\spring-expression-7.0.3.jar;C:\Users\fabri\.m2\repository\org\springframework\spring-aop\7.0.3\spring-aop-7.0.3.jar;C:\Users\fabri\.m2\repository\org\springframework\spring-beans\7.0.3\spring-beans-7.0.3.jar;C:\Users\fabri\.m2\repository\org\springframework\spring-core\7.0.3\spring-core-7.0.3.jar;C:\Users\fabri\.m2\repository\commons-logging\commons-logging\1.3.5\commons-logging-1.3.5.jar;C:\Users\fabri\.m2\repository\org\jspecify\jspecify\1.0.0\jspecify-1.0.0.jar;C:\Users\fabri\.m2\repository\org\springframework\boot\spring-boot-starter-webmvc\4.0.2\spring-boot-starter-webmvc-4.0.2.jar;C:\Users\fabri\.m2\repository\org\springframework\boot\spring-boot-starter-jackson\4.0.2\spring-boot-starter-jackson-4.0.2.jar;C:\Users\fabri\.m2\repository\org\springframework\boot\spring-boot-jackson\4.0.2\spring-boot-jackson-4.0.2.jar;C:\Users\fabri\.m2\repository\tools\jackson\core\jackson-databind\3.0.4\jackson-databind-3.0.4.jar;C:\Users\fabri\.m2\repository\com\fasterxml\jackson\core\jackson-annotations\2.20\jackson-annotations-2.20.jar;C:\Users\fabri\.m2\repository\tools\jackson\core\jackson-core\3.0.4\jackson-core-3.0.4.jar;C:\Users\fabri\.m2\repository\org\springframework\boot\spring-boot-starter-tomcat\4.0.2\spring-boot-starter-tomcat-4.0.2.jar;C:\Users\fabri\.m2\repository\org\springframework\boot\spring-boot-starter-tomcat-runtime\4.0.2\spring-boot-starter-tomcat-runtime-4.0.2.jar;C:\Users\fabri\.m2\repository\org\apache\tomcat\embed\tomcat-embed-core\11.0.15\tomcat-embed-core-11.0.15.jar;C:\Users\fabri\.m2\repository\org\apache\tomcat\embed\tomcat-embed-el\11.0.15\tomcat-embed-el-11.0.15.jar;C:\Users\fabri\.m2\repository\org\apache\tomcat\embed\tomcat-embed-websocket\11.0.15\tomcat-embed-websocket-11.0.15.jar;C:\Users\fabri\.m2\repository\org\springframework\boot\spring-boot-tomcat\4.0.2\spring-boot-tomcat-4.0.2.jar;C:\Users\fabri\.m2\repository\org\springframework\boot\spring-boot-http-converter\4.0.2\spring-boot-http-converter-4.0.2.jar;C:\Users\fabri\.m2\repository\org\springframework\spring-web\7.0.3\spring-web-7.0.3.jar;C:\Users\fabri\.m2\repository\io\micrometer\micrometer-observation\1.16.2\micrometer-observation-1.16.2.jar;C:\Users\fabri\.m2\repository\io\micrometer\micrometer-commons\1.16.2\micrometer-commons-1.16.2.jar;C:\Users\fabri\.m2\repository\org\springframework\boot\spring-boot-webmvc\4.0.2\spring-boot-webmvc-4.0.2.jar;C:\Users\fabri\.m2\repository\org\springframework\boot\spring-boot-servlet\4.0.2\spring-boot-servlet-4.0.2.jar;C:\Users\fabri\.m2\repository\org\springframework\spring-webmvc\7.0.3\spring-webmvc-7.0.3.jar;C:\Users\fabri\.m2\repository\org\springframework\boot\spring-boot-devtools\4.0.2\spring-boot-devtools-4.0.2.jar;C:\Users\fabri\.m2\repository\org\springframework\boot\spring-boot\4.0.2\spring-boot-4.0.2.jar;C:\Users\fabri\.m2\repository\org\springframework\spring-context\7.0.3\spring-context-7.0.3.jar;C:\Users\fabri\.m2\repository\org\springframework\boot\spring-boot-autoconfigure\4.0.2\spring-boot-autoconfigure-4.0.2.jar;C:\Users\fabri\.m2\repository\com\mysql\mysql-connector-j\9.5.0\mysql-connector-j-9.5.0.jar;C:\Users\fabri\.m2\repository\org\projectlombok\lombok\1.18.42\lombok-1.18.42.jar;C:\Users\fabri\.m2\repository\jakarta\xml\bind\jakarta.xml.bind-api\4.0.4\jakarta.xml.bind-api-4.0.4.jar;C:\Users\fabri\.m2\repository\net\bytebuddy\byte-buddy\1.17.8\byte-buddy-1.17.8.jar;C:\Users\fabri\.m2\repository\org\springframework\boot\spring-boot-web-server\4.0.2\spring-boot-web-server-4.0.2.jar
Launcher Type: SUN_STANDARD

[Global flags]
     intx CICompilerCount                          = 12                                        {product} {ergonomic}
     uint ConcGCThreads                            = 5                                         {product} {ergonomic}
     uint G1ConcRefinementThreads                  = 18                                        {product} {ergonomic}
   size_t G1HeapRegionSize                         = 2097152                                   {product} {ergonomic}
   size_t InitialHeapSize                          = 266338304                                 {product} {ergonomic}
   size_t MarkStackSize                            = 4194304                                   {product} {ergonomic}
   size_t MarkStackSizeMax                         = 536870912                                 {product} {ergonomic}
   size_t MaxHeapSize                              = 4255121408                                {product} {ergonomic}
   size_t MaxNewSize                               = 2552233984                                {product} {ergonomic}
   size_t MinHeapDeltaBytes                        = 2097152                                   {product} {ergonomic}
   size_t MinHeapSize                              = 8388608                                   {product} {ergonomic}
    uintx NonNMethodCodeHeapSize                   = 7602176                                {pd product} {ergonomic}
    uintx NonProfiledCodeHeapSize                  = 122093568                              {pd product} {ergonomic}
    uintx ProfiledCodeHeapSize                     = 121962496                              {pd product} {ergonomic}
    uintx ReservedCodeCacheSize                    = 251658240                              {pd product} {ergonomic}
     bool SegmentedCodeCache                       = true                                      {product} {ergonomic}
   size_t SoftMaxHeapSize                          = 4255121408                             {manageable} {ergonomic}
     bool UseCompressedOops                        = true                           {product lp64_product} {ergonomic}
     bool UseG1GC                                  = true                                      {product} {ergonomic}
     bool UseLargePagesIndividualAllocation        = false                                  {pd product} {ergonomic}

Logging:
Log output configuration:
 #0: stdout all=warning uptime,level,tags foldmultilines=false
 #1: stderr all=off uptime,level,tags foldmultilines=false

Release file:
IMPLEMENTOR="Oracle Corporation" 
JAVA_RUNTIME_VERSION="25.0.1+8-27" 
JAVA_VERSION="25.0.1" 
JAVA_VERSION_DATE="2025-10-21" 
LIBC="default" 
MODULES="java.base java.compiler java.datatransfer java.xml java.prefs java.desktop java.instrument java.logging java.management java.security.sasl java.naming java.rmi java.management.rmi java.net.http java.scripting java.security.jgss java.transaction.xa java.sql java.sql.rowset java.xml.crypto java.se java.smartcardio jdk.accessibility jdk.internal.jvmstat jdk.attach jdk.charsets jdk.internal.opt jdk.zipfs jdk.compiler jdk.crypto.cryptoki jdk.crypto.ec jdk.crypto.mscapi jdk.dynalink jdk.internal.ed jdk.editpad jdk.internal.vm.ci jdk.graal.compiler jdk.graal.compiler.management jdk.hotspot.agent jdk.httpserver jdk.incubator.vector jdk.internal.le jdk.internal.md jdk.jartool jdk.javadoc jdk.jcmd jdk.management jdk.management.agent jdk.jconsole jdk.jdeps jdk.jdwp.agent jdk.jdi jdk.jfr jdk.jlink jdk.jpackage jdk.jshell jdk.jsobject jdk.jstatd jdk.localedata jdk.management.jfr jdk.naming.dns jdk.naming.rmi jdk.net jdk.nio.mapmode jdk.sctp jdk.security.auth jdk.security.jgss jdk.unsupported jdk.unsupported.desktop jdk.xml.dom" 
OS_ARCH="x86_64" 
OS_NAME="Windows" 
SOURCE=".:git:78770bfaefd2" 

Environment Variables:
PATH=C:\Program Files\Common Files\Oracle\Java\javapath;C:\Windows\system32;C:\Windows;C:\Windows\System32\Wbem;C:\Windows\System32\WindowsPowerShell\v1.0\;C:\Windows\System32\OpenSSH\;C:\Program Files\nodejs\;C:\Program Files\Git\cmd;C:\Users\fabri\AppData\Local\Microsoft\WindowsApps;C:\Users\fabri\AppData\Local\Programs\Microsoft VS Code\bin;C:\Users\fabri\AppData\Roaming\npm;C:\Users\fabri\.jdks\flutter\bin;C:\platform-tools;C:\Users\fabri\AppData\Local\Pub\Cache\bin;
USERNAME=fabri
OS=Windows_NT
PROCESSOR_IDENTIFIER=Intel64 Family 6 Model 63 Stepping 2, GenuineIntel
TMP=C:\Users\fabri\AppData\Local\Temp
TEMP=C:\Users\fabri\AppData\Local\Temp




Compilation memory statistics disabled.

Periodic native trim disabled

---------------  S Y S T E M  ---------------

OS:
 Windows 10 , 64 bit Build 19041 (10.0.19041.5915)
OS uptime: 0 days 1:22 hours
Hyper-V role detected

CPU: total 24 (initial active 24) (12 cores per cpu, 2 threads per core) family 6 model 63 stepping 2 microcode 0x43, cx8, cmov, fxsr, ht, mmx, sse, sse2, sse3, ssse3, sse4.1, sse4.2, popcnt, lzcnt, tsc, tscinvbit, avx, avx2, aes, erms, clmul, bmi1, bmi2, fma, vzeroupper, clflush, hv, rdtscp, f16c
Processor Information for processor 0
  Max Mhz: 2601, Current Mhz: 2601, Mhz Limit: 2601
Processor Information for processor 1
  Max Mhz: 2601, Current Mhz: 1200, Mhz Limit: 2601
Processor Information for processor 2
  Max Mhz: 2601, Current Mhz: 2601, Mhz Limit: 2601
Processor Information for processor 3
  Max Mhz: 2601, Current Mhz: 2601, Mhz Limit: 2601
Processor Information for processor 4
  Max Mhz: 2601, Current Mhz: 2601, Mhz Limit: 2601
Processor Information for processor 5
  Max Mhz: 2601, Current Mhz: 2300, Mhz Limit: 2601
Processor Information for processor 6
  Max Mhz: 2601, Current Mhz: 2601, Mhz Limit: 2601
Processor Information for processor 7
  Max Mhz: 2601, Current Mhz: 2601, Mhz Limit: 2601
Processor Information for processor 8
  Max Mhz: 2601, Current Mhz: 2601, Mhz Limit: 2601
Processor Information for processor 9
  Max Mhz: 2601, Current Mhz: 2300, Mhz Limit: 2601
Processor Information for processor 10
  Max Mhz: 2601, Current Mhz: 2601, Mhz Limit: 2601
Processor Information for processor 11
  Max Mhz: 2601, Current Mhz: 2601, Mhz Limit: 2601
Processor Information for processor 12
  Max Mhz: 2601, Current Mhz: 2601, Mhz Limit: 2601
Processor Information for processor 13
  Max Mhz: 2601, Current Mhz: 2601, Mhz Limit: 2601
Processor Information for processor 14
  Max Mhz: 2601, Current Mhz: 2601, Mhz Limit: 2601
Processor Information for processor 15
  Max Mhz: 2601, Current Mhz: 1200, Mhz Limit: 2601
Processor Information for processor 16
  Max Mhz: 2601, Current Mhz: 2601, Mhz Limit: 2601
Processor Information for processor 17
  Max Mhz: 2601, Current Mhz: 1200, Mhz Limit: 2601
Processor Information for processor 18
  Max Mhz: 2601, Current Mhz: 2601, Mhz Limit: 2601
Processor Information for processor 19
  Max Mhz: 2601, Current Mhz: 1200, Mhz Limit: 2601
Processor Information for processor 20
  Max Mhz: 2601, Current Mhz: 2601, Mhz Limit: 2601
Processor Information for processor 21
  Max Mhz: 2601, Current Mhz: 2601, Mhz Limit: 2601
Processor Information for processor 22
  Max Mhz: 2601, Current Mhz: 2601, Mhz Limit: 2601
Processor Information for processor 23
  Max Mhz: 2601, Current Mhz: 2601, Mhz Limit: 2601

Memory: 4k page, system-wide physical 16224M (7057M free)
TotalPageFile size 22368M (AvailPageFile size 9133M)
current process WorkingSet (physical memory assigned to process): 360M, peak: 373M
current process commit charge ("private bytes"): 418M, peak: 446M

vm_info: OpenJDK 64-Bit Server VM (25.0.1+8-27) for windows-amd64 JRE (25.0.1+8-27), built on 2025-09-25T16:41:16Z with unknown MS VC++:1943

END.
